    Updating crates.io index
   Packaging miniml v26.5.21 (/Users/sac/wasm4pm/crates/miniml-core)
    Updating crates.io index
    Packaged 226 files, 30.9MiB (9.7MiB compressed)
   Packaging prolog8 v26.5.21 (/Users/sac/wasm4pm/crates/prolog8)
    Updating crates.io index
    Packaged 16 files, 161.3KiB (37.3KiB compressed)
   Packaging tps-metrics v26.5.21 (/Users/sac/wasm4pm/tps-metrics)
    Updating crates.io index
    Packaged 11 files, 101.4KiB (25.3KiB compressed)
   Packaging wasm4pm-cognition v26.5.21 (/Users/sac/wasm4pm/crates/wasm4pm-cognition)
    Updating crates.io index
    Packaged 70 files, 484.5KiB (108.9KiB compressed)
   Packaging wasm4pm-macros v26.5.21 (/Users/sac/wasm4pm/crates/wasm4pm-macros)
    Updating crates.io index
    Packaged 5 files, 10.2KiB (3.3KiB compressed)
   Packaging wasm4pm-types v26.5.21 (/Users/sac/wasm4pm/crates/wasm4pm-types)
    Updating crates.io index
    Packaged 25 files, 124.9KiB (29.0KiB compressed)
   Packaging wasm4pm v26.5.21 (/Users/sac/wasm4pm/wasm4pm)
    Updating crates.io index
    Packaged 762 files, 130.1MiB (7.2MiB compressed)
   Packaging wasm4pm-algos v26.5.21 (/Users/sac/wasm4pm/crates/wasm4pm-algos)
    Updating crates.io index
    Packaged 12 files, 68.1KiB (17.1KiB compressed)
warning: manifest has no description
  |
  = note: see https://doc.rust-lang.org/cargo/reference/manifest.html#package-metadata for more info
   Packaging wasm4pm-cli v26.5.21 (/Users/sac/wasm4pm/crates/wasm4pm-cli)
    Updating crates.io index
    Packaged 21 files, 91.3KiB (25.7KiB compressed)
warning: manifest has no description
  |
  = note: see https://doc.rust-lang.org/cargo/reference/manifest.html#package-metadata for more info
   Packaging wasm4pm-utils v26.5.21 (/Users/sac/wasm4pm/crates/wasm4pm-utils)
    Updating crates.io index
    Packaged 13 files, 45.9KiB (13.7KiB compressed)
   Verifying miniml v26.5.21 (/Users/sac/wasm4pm/crates/miniml-core)
   Compiling miniml v26.5.21 (/Users/sac/wasm4pm/target/package/miniml-26.5.21)
    Finished `dev` profile [unoptimized + debuginfo] target(s) in 18.88s
   Verifying prolog8 v26.5.21 (/Users/sac/wasm4pm/crates/prolog8)
   Compiling prolog8 v26.5.21 (/Users/sac/wasm4pm/target/package/prolog8-26.5.21)
    Finished `dev` profile [unoptimized + debuginfo] target(s) in 19.61s
   Verifying tps-metrics v26.5.21 (/Users/sac/wasm4pm/tps-metrics)
   Compiling tps-metrics v26.5.21 (/Users/sac/wasm4pm/target/package/tps-metrics-26.5.21)
    Finished `dev` profile [unoptimized + debuginfo] target(s) in 21.04s
   Verifying wasm4pm-cognition v26.5.21 (/Users/sac/wasm4pm/crates/wasm4pm-cognition)
    Updating crates.io index
   Compiling wasm4pm-cognition v26.5.21 (/Users/sac/wasm4pm/target/package/wasm4pm-cognition-26.5.21)
    Finished `dev` profile [unoptimized + debuginfo] target(s) in 24.00s
   Verifying wasm4pm-macros v26.5.21 (/Users/sac/wasm4pm/crates/wasm4pm-macros)
   Compiling wasm4pm-macros v26.5.21 (/Users/sac/wasm4pm/target/package/wasm4pm-macros-26.5.21)
    Finished `dev` profile [unoptimized + debuginfo] target(s) in 24.33s
   Verifying wasm4pm-types v26.5.21 (/Users/sac/wasm4pm/crates/wasm4pm-types)
   Compiling wasm4pm-types v26.5.21 (/Users/sac/wasm4pm/target/package/wasm4pm-types-26.5.21)
    Finished `dev` profile [unoptimized + debuginfo] target(s) in 25.03s
   Verifying wasm4pm v26.5.21 (/Users/sac/wasm4pm/wasm4pm)
    Updating crates.io index
   Compiling wasm4pm v26.5.21 (/Users/sac/wasm4pm/target/package/wasm4pm-26.5.21)
    Finished `dev` profile [unoptimized + debuginfo] target(s) in 37.35s
   Verifying wasm4pm-algos v26.5.21 (/Users/sac/wasm4pm/crates/wasm4pm-algos)
    Updating crates.io index
   Compiling wasm4pm-algos v26.5.21 (/Users/sac/wasm4pm/target/package/wasm4pm-algos-26.5.21)
    Finished `dev` profile [unoptimized + debuginfo] target(s) in 39.68s
   Verifying wasm4pm-cli v26.5.21 (/Users/sac/wasm4pm/crates/wasm4pm-cli)
    Updating crates.io index
   Compiling wasm4pm-cli v26.5.21 (/Users/sac/wasm4pm/target/package/wasm4pm-cli-26.5.21)
    Finished `dev` profile [unoptimized + debuginfo] target(s) in 43.75s
   Verifying wasm4pm-utils v26.5.21 (/Users/sac/wasm4pm/crates/wasm4pm-utils)
   Compiling wasm4pm-utils v26.5.21 (/Users/sac/wasm4pm/target/package/wasm4pm-utils-26.5.21)
    Finished `dev` profile [unoptimized + debuginfo] target(s) in 44.00s
   Uploading miniml v26.5.21 (/Users/sac/wasm4pm/crates/miniml-core)
warning: aborting upload due to dry run
   Uploading prolog8 v26.5.21 (/Users/sac/wasm4pm/crates/prolog8)
warning: aborting upload due to dry run
   Uploading tps-metrics v26.5.21 (/Users/sac/wasm4pm/tps-metrics)
warning: aborting upload due to dry run
   Uploading wasm4pm-macros v26.5.21 (/Users/sac/wasm4pm/crates/wasm4pm-macros)
warning: aborting upload due to dry run
   Uploading wasm4pm-types v26.5.21 (/Users/sac/wasm4pm/crates/wasm4pm-types)
warning: aborting upload due to dry run
   Uploading wasm4pm-utils v26.5.21 (/Users/sac/wasm4pm/crates/wasm4pm-utils)
warning: aborting upload due to dry run
   Uploading wasm4pm-algos v26.5.21 (/Users/sac/wasm4pm/crates/wasm4pm-algos)
warning: aborting upload due to dry run
   Uploading wasm4pm-cognition v26.5.21 (/Users/sac/wasm4pm/crates/wasm4pm-cognition)
warning: aborting upload due to dry run
   Uploading wasm4pm v26.5.21 (/Users/sac/wasm4pm/wasm4pm)
warning: aborting upload due to dry run
   Uploading wasm4pm-cli v26.5.21 (/Users/sac/wasm4pm/crates/wasm4pm-cli)
warning: aborting upload due to dry run
