\BOOKMARK [0][-]{chapter.1}{\376\377\000T\000h\000e\000\040\000E\000p\000i\000s\000t\000e\000m\000o\000l\000o\000g\000i\000c\000a\000l\000\040\000B\000o\000u\000n\000d\000a\000r\000y}{}% 1
\BOOKMARK [1][-]{section.1.1}{\376\377\000M\000a\000s\000t\000e\000r\000\040\000E\000q\000u\000a\000t\000i\000o\000n\000\040\000o\000f\000\040\000M\000a\000n\000u\000f\000a\000c\000t\000u\000r\000e\000d\000\040\000I\000n\000t\000e\000l\000l\000i\000g\000e\000n\000c\000e}{chapter.1}% 2
\BOOKMARK [1][-]{section.1.2}{\376\377\000L\000a\000n\000g\000u\000a\000g\000e\000-\000t\000o\000-\000S\000t\000a\000t\000e\000\040\000A\000d\000m\000i\000s\000s\000i\000o\000n}{chapter.1}% 3
\BOOKMARK [1][-]{section.1.3}{\376\377\000C\000o\000m\000p\000i\000l\000e\000-\000T\000i\000m\000e\000\040\000J\000u\000r\000i\000s\000d\000i\000c\000t\000i\000o\000n\000\040\000a\000n\000d\000\040\000U\000p\000w\000a\000r\000d\000\040\000C\000o\000n\000f\000o\000r\000m\000i\000t\000y}{chapter.1}% 4
\BOOKMARK [0][-]{chapter.2}{\376\377\000C\000o\000n\000t\000r\000o\000l\000\040\000P\000l\000a\000n\000e\000s\000\040\000a\000n\000d\000\040\000P\000r\000o\000t\000o\000c\000o\000l\000\040\000S\000u\000r\000f\000a\000c\000e\000s}{}% 5
\BOOKMARK [1][-]{section.2.1}{\376\377\000R\000D\000F\000\040\000/\000\040\000S\000P\000A\000R\000Q\000L\000\040\000/\000\040\000O\000x\000i\000g\000r\000a\000p\000h\000\040\000C\000o\000n\000t\000r\000o\000l\000\040\000P\000l\000a\000n\000e}{chapter.2}% 6
\BOOKMARK [1][-]{section.2.2}{\376\377\000L\000S\000P\000\040\000a\000s\000\040\000L\000a\000n\000g\000u\000a\000g\000e\000-\000S\000t\000a\000t\000e\000\040\000P\000r\000o\000t\000o\000c\000o\000l}{chapter.2}% 7
\BOOKMARK [1][-]{section.2.3}{\376\377\000L\000S\000I\000F\000\040\000a\000s\000\040\000S\000t\000a\000t\000i\000c\000\040\000I\000n\000t\000e\000l\000l\000i\000g\000e\000n\000c\000e\000\040\000R\000e\000s\000e\000r\000v\000o\000i\000r}{chapter.2}% 8
\BOOKMARK [0][-]{chapter.3}{\376\377\000P\000r\000o\000c\000e\000s\000s\000\040\000A\000l\000g\000e\000b\000r\000a\000\040\000a\000n\000d\000\040\000R\000o\000u\000t\000e\000\040\000G\000e\000o\000m\000e\000t\000r\000y}{}% 9
\BOOKMARK [1][-]{section.3.1}{\376\377\000O\000C\000E\000L\000\040\000a\000s\000\040\000O\000b\000j\000e\000c\000t\000-\000E\000v\000e\000n\000t\000\040\000R\000e\000a\000l\000i\000t\000y}{chapter.3}% 10
\BOOKMARK [1][-]{section.3.2}{\376\377\000P\000O\000W\000L\000\040\000R\000o\000u\000t\000e\000\040\000G\000e\000o\000m\000e\000t\000r\000y}{chapter.3}% 11
\BOOKMARK [0][-]{chapter.4}{\376\377\000E\000x\000e\000c\000u\000t\000i\000o\000n\000\040\000A\000u\000t\000h\000o\000r\000i\000t\000y\000\040\000a\000n\000d\000\040\000C\000o\000n\000f\000o\000r\000m\000a\000n\000c\000e\000\040\000C\000a\000l\000c\000u\000l\000u\000s}{}% 12
\BOOKMARK [1][-]{section.4.1}{\376\377\000P\000e\000t\000r\000i\000\040\000N\000e\000t\000\040\000E\000x\000e\000c\000u\000t\000i\000o\000n\000\040\000A\000u\000t\000h\000o\000r\000i\000t\000y}{chapter.4}% 13
\BOOKMARK [1][-]{section.4.2}{\376\377\000A\000l\000i\000g\000n\000m\000e\000n\000t\000\040\000C\000a\000l\000c\000u\000l\000u\000s\000\040\000a\000n\000d\000\040\000L\000P\000\040\000D\000u\000a\000l\000\040\000H\000e\000u\000r\000i\000s\000t\000i\000c}{chapter.4}% 14
\BOOKMARK [1][-]{section.4.3}{\376\377\000P\000r\000o\000c\000e\000s\000s\000\040\000D\000i\000s\000c\000o\000v\000e\000r\000y\000\040\000a\000s\000\040\000D\000i\000f\000f\000e\000r\000e\000n\000t\000i\000a\000l\000\040\000G\000r\000a\000p\000h\000\040\000O\000p\000t\000i\000m\000i\000z\000a\000t\000i\000o\000n}{chapter.4}% 15
\BOOKMARK [0][-]{chapter.5}{\376\377\000S\000y\000s\000t\000e\000m\000s\000,\000\040\000T\000o\000p\000o\000l\000o\000g\000y\000,\000\040\000a\000n\000d\000\040\000C\000o\000g\000n\000i\000t\000i\000o\000n}{}% 16
\BOOKMARK [1][-]{section.5.1}{\376\377\000W\000e\000b\000A\000s\000s\000e\000m\000b\000l\000y\000\040\000E\000x\000e\000c\000u\000t\000i\000o\000n\000\040\000S\000p\000a\000c\000e}{chapter.5}% 17
\BOOKMARK [1][-]{section.5.2}{\376\377\000R\000e\000c\000e\000i\000p\000t\000\040\000F\000u\000n\000c\000t\000o\000r\000\040\000a\000n\000d\000\040\000M\000a\000n\000u\000f\000a\000c\000t\000u\000r\000i\000n\000g\000\040\000\050\000g\000g\000e\000n\000\051}{chapter.5}% 18
\BOOKMARK [1][-]{section.5.3}{\376\377\000M\000C\000P\000\040\000/\000\040\000A\0002\000A\000\040\000C\000a\000p\000a\000b\000i\000l\000i\000t\000y\000-\000S\000t\000a\000t\000e\000\040\000A\000l\000g\000e\000b\000r\000a}{chapter.5}% 19
\BOOKMARK [1][-]{section.5.4}{\376\377\000B\000l\000u\000e\000\040\000R\000i\000v\000e\000r\000\040\000D\000a\000m\000\040\000O\000p\000e\000r\000a\000t\000o\000r\000\040\000a\000n\000d\000\040\000C\000o\000g\000n\000i\000t\000i\000v\000e\000\040\000O\000p\000a\000c\000i\000t\000y}{chapter.5}% 20
\BOOKMARK [0][-]{chapter.6}{\376\377\000T\000h\000e\000\040\000G\000r\000a\000n\000d\000\040\000S\000y\000n\000t\000h\000e\000s\000i\000s}{}% 21
\BOOKMARK [1][-]{section.6.1}{\376\377\000U\000n\000i\000v\000e\000r\000s\000a\000l\000\040\000M\000a\000n\000u\000f\000a\000c\000t\000u\000r\000e\000d\000\040\000I\000n\000t\000e\000l\000l\000i\000g\000e\000n\000c\000e\000\040\000S\000t\000a\000c\000k}{chapter.6}% 22
\BOOKMARK [1][-]{section.6.2}{\376\377\000F\000i\000n\000a\000l\000\040\000G\000r\000a\000n\000d\000\040\000E\000q\000u\000a\000t\000i\000o\000n}{chapter.6}% 23
