\BOOKMARK [1][-]{section*.1}{\376\377\000C\000o\000n\000t\000e\000n\000t\000s}{}% 1
\BOOKMARK [1][-]{section.1}{\376\377\000I\000n\000t\000r\000o\000d\000u\000c\000t\000i\000o\000n}{}% 2
\BOOKMARK [1][-]{section.2}{\376\377\000P\000r\000o\000b\000l\000e\000m\000:\000\040\000B\000a\000t\000c\000h\000-\000F\000i\000r\000s\000t\000\040\000I\000n\000t\000e\000l\000l\000i\000g\000e\000n\000c\000e\000\040\000a\000n\000d\000\040\000D\000e\000l\000a\000y\000e\000d\000\040\000C\000o\000g\000n\000i\000t\000i\000o\000n}{}% 3
\BOOKMARK [1][-]{section.3}{\376\377\000F\000i\000r\000s\000t\000-\000M\000i\000l\000e\000\040\000M\000e\000c\000h\000a\000n\000i\000c\000a\000l\000\040\000I\000n\000t\000e\000l\000l\000i\000g\000e\000n\000c\000e}{}% 4
\BOOKMARK [1][-]{section.4}{\376\377\000L\000a\000w\000-\000S\000t\000a\000t\000e\000\040\000F\000r\000a\000m\000e\000w\000o\000r\000k}{}% 5
\BOOKMARK [1][-]{section.5}{\376\377\000E\000v\000i\000d\000e\000n\000c\000e\000\040\000M\000e\000t\000h\000o\000d}{}% 6
\BOOKMARK [1][-]{section.6}{\376\377\000A\000l\000g\000e\000b\000r\000a\000i\000c\000\040\000M\000o\000d\000e\000l}{}% 7
\BOOKMARK [1][-]{section.7}{\376\377\000D\000i\000s\000c\000r\000e\000t\000e\000\040\000G\000e\000o\000m\000e\000t\000r\000y\000\040\000o\000f\000\040\000P\000r\000o\000c\000e\000s\000s\000\040\000a\000n\000d\000\040\000C\000o\000g\000n\000i\000t\000i\000o\000n}{}% 8
\BOOKMARK [1][-]{section.8}{\376\377\000D\000i\000s\000c\000r\000e\000t\000e\000\040\000C\000a\000l\000c\000u\000l\000u\000s\000\040\000a\000n\000d\000\040\000R\000u\000n\000t\000i\000m\000e\000\040\000C\000o\000s\000t}{}% 9
\BOOKMARK [1][-]{section.9}{\376\377\000K\000e\000r\000n\000e\000l\000\040\000A\000l\000g\000o\000r\000i\000t\000h\000m\000s}{}% 10
\BOOKMARK [1][-]{section.10}{\376\377\000C\000o\000g\000n\000i\000t\000i\000v\000e\000\040\000B\000r\000e\000e\000d\000s}{}% 11
\BOOKMARK [1][-]{section.11}{\376\377\000D\000e\000v\000i\000c\000e\000-\000S\000i\000d\000e\000\040\000W\000A\000S\000M\000\040\000R\000u\000n\000t\000i\000m\000e}{}% 12
\BOOKMARK [1][-]{section.12}{\376\377\000B\000l\000u\000e\000-\000O\000c\000e\000a\000n\000\040\000C\000a\000t\000e\000g\000o\000r\000y\000:\000\040\000F\000r\000o\000m\000\040\000E\000T\000L\000\040\000t\000o\000\040\000F\000i\000r\000s\000t\000-\000M\000i\000l\000e\000\040\000A\000d\000m\000i\000s\000s\000i\000o\000n}{}% 13
\BOOKMARK [1][-]{section.13}{\376\377\000L\000i\000m\000i\000t\000s\000\040\000a\000n\000d\000\040\000F\000a\000l\000s\000i\000f\000i\000e\000r\000s}{}% 14
\BOOKMARK [1][-]{section.14}{\376\377\000C\000o\000n\000c\000l\000u\000s\000i\000o\000n}{}% 15
\BOOKMARK [1][-]{appendix.A}{\376\377\000A\000l\000g\000o\000r\000i\000t\000h\000m\000\040\000M\000a\000t\000h\000\040\000C\000a\000t\000a\000l\000o\000g}{}% 16
\BOOKMARK [2][-]{subsection.A.1}{\376\377\000a\000\137\000s\000t\000a\000r}{appendix.A}% 17
\BOOKMARK [2][-]{subsection.A.2}{\376\377\000a\000c\000o}{appendix.A}% 18
\BOOKMARK [2][-]{subsection.A.3}{\376\377\000a\000l\000p\000h\000a\000\137\000p\000l\000u\000s\000\137\000p\000l\000u\000s}{appendix.A}% 19
\BOOKMARK [2][-]{subsection.A.4}{\376\377\000d\000e\000c\000l\000a\000r\000e}{appendix.A}% 20
\BOOKMARK [2][-]{subsection.A.5}{\376\377\000d\000f\000g}{appendix.A}% 21
\BOOKMARK [2][-]{subsection.A.6}{\376\377\000g\000e\000n\000e\000t\000i\000c\000\137\000a\000l\000g\000o\000r\000i\000t\000h\000m}{appendix.A}% 22
\BOOKMARK [2][-]{subsection.A.7}{\376\377\000h\000e\000u\000r\000i\000s\000t\000i\000c\000\137\000m\000i\000n\000e\000r}{appendix.A}% 23
\BOOKMARK [2][-]{subsection.A.8}{\376\377\000h\000i\000l\000l\000\137\000c\000l\000i\000m\000b\000i\000n\000g}{appendix.A}% 24
\BOOKMARK [2][-]{subsection.A.9}{\376\377\000i\000l\000p}{appendix.A}% 25
\BOOKMARK [2][-]{subsection.A.10}{\376\377\000i\000n\000d\000u\000c\000t\000i\000v\000e\000\137\000m\000i\000n\000e\000r}{appendix.A}% 26
\BOOKMARK [2][-]{subsection.A.11}{\376\377\000o\000p\000t\000i\000m\000i\000z\000e\000d\000\137\000d\000f\000g}{appendix.A}% 27
\BOOKMARK [2][-]{subsection.A.12}{\376\377\000p\000r\000o\000c\000e\000s\000s\000\137\000s\000k\000e\000l\000e\000t\000o\000n}{appendix.A}% 28
\BOOKMARK [2][-]{subsection.A.13}{\376\377\000p\000s\000o}{appendix.A}% 29
\BOOKMARK [2][-]{subsection.A.14}{\376\377\000s\000i\000m\000u\000l\000a\000t\000e\000d\000\137\000a\000n\000n\000e\000a\000l\000i\000n\000g}{appendix.A}% 30
\BOOKMARK [2][-]{subsection.A.15}{\376\377\000h\000i\000e\000r\000a\000r\000c\000h\000i\000c\000a\000l\000\137\000d\000f\000g}{appendix.A}% 31
\BOOKMARK [2][-]{subsection.A.16}{\376\377\000s\000i\000m\000d\000\137\000s\000t\000r\000e\000a\000m\000i\000n\000g\000\137\000d\000f\000g}{appendix.A}% 32
\BOOKMARK [2][-]{subsection.A.17}{\376\377\000s\000m\000a\000r\000t\000\137\000e\000n\000g\000i\000n\000e}{appendix.A}% 33
\BOOKMARK [2][-]{subsection.A.18}{\376\377\000s\000t\000r\000e\000a\000m\000i\000n\000g\000\137\000l\000o\000g}{appendix.A}% 34
\BOOKMARK [2][-]{subsection.A.19}{\376\377\000a\000n\000a\000l\000y\000z\000e\000\137\000p\000r\000o\000c\000e\000s\000s\000\137\000s\000p\000e\000e\000d\000u\000p}{appendix.A}% 35
\BOOKMARK [2][-]{subsection.A.20}{\376\377\000a\000n\000a\000l\000y\000z\000e\000\137\000v\000a\000r\000i\000a\000n\000t\000\137\000c\000o\000m\000p\000l\000e\000x\000i\000t\000y}{appendix.A}% 36
\BOOKMARK [2][-]{subsection.A.21}{\376\377\000b\000a\000t\000c\000h\000e\000s}{appendix.A}% 37
\BOOKMARK [2][-]{subsection.A.22}{\376\377\000c\000a\000u\000s\000a\000l\000\137\000g\000r\000a\000p\000h}{appendix.A}% 38
\BOOKMARK [2][-]{subsection.A.23}{\376\377\000c\000o\000m\000p\000u\000t\000e\000\137\000a\000c\000t\000i\000v\000i\000t\000y\000\137\000t\000r\000a\000n\000s\000i\000t\000i\000o\000n\000\137\000m\000a\000t\000r\000i\000x}{appendix.A}% 39
\BOOKMARK [2][-]{subsection.A.24}{\376\377\000c\000o\000m\000p\000u\000t\000e\000\137\000t\000r\000a\000c\000e\000\137\000s\000i\000m\000i\000l\000a\000r\000i\000t\000y\000\137\000m\000a\000t\000r\000i\000x}{appendix.A}% 40
\BOOKMARK [2][-]{subsection.A.25}{\376\377\000c\000o\000r\000r\000e\000l\000a\000t\000i\000o\000n\000\137\000m\000i\000n\000e\000r}{appendix.A}% 41
\BOOKMARK [2][-]{subsection.A.26}{\376\377\000l\000o\000g\000\137\000t\000o\000\137\000t\000r\000i\000e}{appendix.A}% 42
\BOOKMARK [2][-]{subsection.A.27}{\376\377\000p\000e\000r\000f\000o\000r\000m\000a\000n\000c\000e\000\137\000s\000p\000e\000c\000t\000r\000u\000m}{appendix.A}% 43
\BOOKMARK [2][-]{subsection.A.28}{\376\377\000t\000r\000a\000n\000s\000i\000t\000i\000o\000n\000\137\000s\000y\000s\000t\000e\000m}{appendix.A}% 44
\BOOKMARK [2][-]{subsection.A.29}{\376\377\000a\000l\000i\000g\000n\000m\000e\000n\000t\000s}{appendix.A}% 45
\BOOKMARK [2][-]{subsection.A.30}{\376\377\000c\000o\000m\000p\000l\000e\000x\000i\000t\000y\000\137\000m\000e\000t\000r\000i\000c\000s}{appendix.A}% 46
\BOOKMARK [2][-]{subsection.A.31}{\376\377\000e\000t\000c\000o\000n\000f\000o\000r\000m\000a\000n\000c\000e\000\137\000p\000r\000e\000c\000i\000s\000i\000o\000n}{appendix.A}% 47
\BOOKMARK [2][-]{subsection.A.32}{\376\377\000g\000e\000n\000e\000r\000a\000l\000i\000z\000a\000t\000i\000o\000n}{appendix.A}% 48
\BOOKMARK [2][-]{subsection.A.33}{\376\377\000m\000o\000n\000t\000e\000\137\000c\000a\000r\000l\000o\000\137\000s\000i\000m\000u\000l\000a\000t\000i\000o\000n}{appendix.A}% 49
\BOOKMARK [2][-]{subsection.A.34}{\376\377\000p\000l\000a\000y\000o\000u\000t}{appendix.A}% 50
\BOOKMARK [2][-]{subsection.A.35}{\376\377\000b\000p\000m\000n\000\137\000i\000m\000p\000o\000r\000t}{appendix.A}% 51
\BOOKMARK [2][-]{subsection.A.36}{\376\377\000p\000n\000m\000l\000\137\000i\000m\000p\000o\000r\000t}{appendix.A}% 52
\BOOKMARK [2][-]{subsection.A.37}{\376\377\000p\000o\000w\000l\000\137\000t\000o\000\137\000p\000r\000o\000c\000e\000s\000s\000\137\000t\000r\000e\000e}{appendix.A}% 53
\BOOKMARK [2][-]{subsection.A.38}{\376\377\000y\000a\000w\000l\000\137\000e\000x\000p\000o\000r\000t}{appendix.A}% 54
\BOOKMARK [2][-]{subsection.A.39}{\376\377\000o\000c\000e\000l\000\137\000d\000f\000g}{appendix.A}% 55
\BOOKMARK [2][-]{subsection.A.40}{\376\377\000o\000c\000e\000l\000\137\000d\000f\000g\000\137\000p\000e\000r\000\137\000t\000y\000p\000e}{appendix.A}% 56
\BOOKMARK [2][-]{subsection.A.41}{\376\377\000o\000c\000e\000l\000\137\000e\000n\000c\000o\000d\000e}{appendix.A}% 57
\BOOKMARK [2][-]{subsection.A.42}{\376\377\000o\000c\000e\000l\000\137\000o\000c\000\137\000d\000e\000c\000l\000a\000r\000e}{appendix.A}% 58
\BOOKMARK [2][-]{subsection.A.43}{\376\377\000o\000c\000e\000l\000\137\000o\000c\000l\000a}{appendix.A}% 59
\BOOKMARK [2][-]{subsection.A.44}{\376\377\000o\000c\000e\000l\000\137\000p\000e\000t\000r\000i\000\137\000n\000e\000t}{appendix.A}% 60
\BOOKMARK [2][-]{subsection.A.45}{\376\377\000c\000o\000m\000p\000u\000t\000e\000\137\000e\000w\000m\000a}{appendix.A}% 61
\BOOKMARK [2][-]{subsection.A.46}{\376\377\000d\000e\000t\000e\000c\000t\000\137\000d\000r\000i\000f\000t}{appendix.A}% 62
\BOOKMARK [2][-]{subsection.A.47}{\376\377\000p\000r\000e\000d\000i\000c\000t\000\137\000n\000e\000x\000t\000\137\000a\000c\000t\000i\000v\000i\000t\000y}{appendix.A}% 63
\BOOKMARK [2][-]{subsection.A.48}{\376\377\000p\000r\000e\000d\000i\000c\000t\000\137\000o\000u\000t\000c\000o\000m\000e}{appendix.A}% 64
\BOOKMARK [2][-]{subsection.A.49}{\376\377\000p\000r\000e\000d\000i\000c\000t\000\137\000r\000e\000m\000a\000i\000n\000i\000n\000g\000\137\000t\000i\000m\000e}{appendix.A}% 65
\BOOKMARK [2][-]{subsection.A.50}{\376\377\000a\000u\000t\000o\000m\000l\000\137\000c\000l\000a\000s\000s\000i\000f\000y}{appendix.A}% 66
\BOOKMARK [2][-]{subsection.A.51}{\376\377\000a\000u\000t\000o\000m\000l\000\137\000f\000o\000r\000e\000c\000a\000s\000t}{appendix.A}% 67
\BOOKMARK [2][-]{subsection.A.52}{\376\377\000m\000l\000\137\000a\000n\000o\000m\000a\000l\000y}{appendix.A}% 68
\BOOKMARK [2][-]{subsection.A.53}{\376\377\000m\000l\000\137\000c\000l\000a\000s\000s\000i\000f\000y}{appendix.A}% 69
\BOOKMARK [2][-]{subsection.A.54}{\376\377\000m\000l\000\137\000c\000l\000u\000s\000t\000e\000r}{appendix.A}% 70
\BOOKMARK [2][-]{subsection.A.55}{\376\377\000m\000l\000\137\000f\000o\000r\000e\000c\000a\000s\000t}{appendix.A}% 71
\BOOKMARK [2][-]{subsection.A.56}{\376\377\000m\000l\000\137\000p\000c\000a}{appendix.A}% 72
\BOOKMARK [2][-]{subsection.A.57}{\376\377\000m\000l\000\137\000r\000e\000g\000r\000e\000s\000s}{appendix.A}% 73
\BOOKMARK [2][-]{subsection.A.58}{\376\377\000h\000a\000n\000d\000o\000v\000e\000r\000\137\000n\000e\000t\000w\000o\000r\000k}{appendix.A}% 74
\BOOKMARK [2][-]{subsection.A.59}{\376\377\000w\000o\000r\000k\000i\000n\000g\000\137\000t\000o\000g\000e\000t\000h\000e\000r\000\137\000n\000e\000t\000w\000o\000r\000k}{appendix.A}% 75
\BOOKMARK [2][-]{subsection.A.60}{\376\377\000a\000g\000e\000n\000t\000i\000c\000\137\000p\000i\000p\000e\000l\000i\000n\000e}{appendix.A}% 76
\BOOKMARK [1][-]{appendix.B}{\376\377\000B\000r\000e\000e\000d\000\040\000M\000a\000t\000h\000\040\000C\000a\000t\000a\000l\000o\000g}{}% 77
\BOOKMARK [2][-]{subsection.B.1}{\376\377\000l\000t\000l\000\137\000m\000o\000n\000i\000t\000o\000r}{appendix.B}% 78
\BOOKMARK [2][-]{subsection.B.2}{\376\377\000a\000l\000l\000e\000n\000\137\000t\000e\000m\000p\000o\000r\000a\000l}{appendix.B}% 79
\BOOKMARK [2][-]{subsection.B.3}{\376\377\000c\000t\000l\000\137\000c\000h\000e\000c\000k}{appendix.B}% 80
\BOOKMARK [2][-]{subsection.B.4}{\376\377\000e\000v\000e\000n\000t\000\137\000c\000a\000l\000c\000u\000l\000u\000s}{appendix.B}% 81
\BOOKMARK [2][-]{subsection.B.5}{\376\377\000s\000i\000t\000u\000a\000t\000i\000o\000n\000\137\000c\000a\000l\000c\000u\000l\000u\000s}{appendix.B}% 82
\BOOKMARK [2][-]{subsection.B.6}{\376\377\000f\000u\000z\000z\000y\000\137\000l\000o\000g\000i\000c}{appendix.B}% 83
\BOOKMARK [2][-]{subsection.B.7}{\376\377\000d\000e\000m\000p\000s\000t\000e\000r\000\137\000s\000h\000a\000f\000e\000r}{appendix.B}% 84
\BOOKMARK [2][-]{subsection.B.8}{\376\377\000a\000b\000d\000u\000c\000t\000i\000v\000e\000\137\000i\000b\000e}{appendix.B}% 85
\BOOKMARK [2][-]{subsection.B.9}{\376\377\000b\000a\000y\000e\000s\000i\000a\000n\000\137\000n\000e\000t\000w\000o\000r\000k}{appendix.B}% 86
\BOOKMARK [2][-]{subsection.B.10}{\376\377\000p\000r\000o\000b\000l\000o\000g}{appendix.B}% 87
\BOOKMARK [2][-]{subsection.B.11}{\376\377\000m\000a\000r\000k\000o\000v\000\137\000l\000o\000g\000i\000c}{appendix.B}% 88
\BOOKMARK [2][-]{subsection.B.12}{\376\377\000h\000t\000n\000\137\000p\000l\000a\000n\000n\000i\000n\000g}{appendix.B}% 89
\BOOKMARK [2][-]{subsection.B.13}{\376\377\000p\000a\000r\000t\000i\000a\000l\000\137\000o\000r\000d\000e\000r\000\137\000p\000l\000a\000n}{appendix.B}% 90
\BOOKMARK [2][-]{subsection.B.14}{\376\377\000c\000o\000n\000t\000i\000n\000g\000e\000n\000t\000\137\000p\000l\000a\000n}{appendix.B}% 91
\BOOKMARK [2][-]{subsection.B.15}{\376\377\000m\000d\000p}{appendix.B}% 92
\BOOKMARK [2][-]{subsection.B.16}{\376\377\000p\000o\000m\000d\000p}{appendix.B}% 93
\BOOKMARK [2][-]{subsection.B.17}{\376\377\000s\000t\000r\000i\000p\000s}{appendix.B}% 94
\BOOKMARK [2][-]{subsection.B.18}{\376\377\000g\000p\000s}{appendix.B}% 95
\BOOKMARK [2][-]{subsection.B.19}{\376\377\000a\000s\000p}{appendix.B}% 96
\BOOKMARK [2][-]{subsection.B.20}{\376\377\000a\000b\000d\000u\000c\000t\000i\000v\000e\000\137\000l\000p}{appendix.B}% 97
\BOOKMARK [2][-]{subsection.B.21}{\376\377\000t\000a\000b\000l\000e\000a\000u\000x}{appendix.B}% 98
\BOOKMARK [2][-]{subsection.B.22}{\376\377\000p\000r\000o\000l\000o\000g}{appendix.B}% 99
\BOOKMARK [2][-]{subsection.B.23}{\376\377\000c\000l\000p}{appendix.B}% 100
\BOOKMARK [2][-]{subsection.B.24}{\376\377\000s\000a\000t\000\137\000c\000d\000c\000l}{appendix.B}% 101
\BOOKMARK [2][-]{subsection.B.25}{\376\377\000c\000s\000p\000\137\000a\000c\0003}{appendix.B}% 102
\BOOKMARK [2][-]{subsection.B.26}{\376\377\000d\000e\000f\000a\000u\000l\000t\000\137\000l\000o\000g\000i\000c}{appendix.B}% 103
\BOOKMARK [2][-]{subsection.B.27}{\376\377\000c\000i\000r\000c\000u\000m\000s\000c\000r\000i\000p\000t\000i\000o\000n}{appendix.B}% 104
\BOOKMARK [2][-]{subsection.B.28}{\376\377\000f\000r\000a\000m\000e\000s\000\137\000i\000n\000h\000e\000r\000i\000t\000a\000n\000c\000e}{appendix.B}% 105
\BOOKMARK [2][-]{subsection.B.29}{\376\377\000d\000e\000s\000c\000r\000i\000p\000t\000i\000o\000n\000\137\000l\000o\000g\000i\000c}{appendix.B}% 106
\BOOKMARK [2][-]{subsection.B.30}{\376\377\000b\000e\000l\000i\000e\000f\000\137\000m\000e\000r\000g\000i\000n\000g}{appendix.B}% 107
\BOOKMARK [2][-]{subsection.B.31}{\376\377\000s\000c\000r\000i\000p\000t\000\137\000s\000a\000m}{appendix.B}% 108
\BOOKMARK [2][-]{subsection.B.32}{\376\377\000a\000c\000t\000\137\000r}{appendix.B}% 109
\BOOKMARK [2][-]{subsection.B.33}{\376\377\000s\000o\000a\000r}{appendix.B}% 110
\BOOKMARK [2][-]{subsection.B.34}{\376\377\000e\000p\000i\000s\000o\000d\000i\000c\000\137\000m\000e\000m\000o\000r\000y}{appendix.B}% 111
\BOOKMARK [2][-]{subsection.B.35}{\376\377\000e\000b\000l}{appendix.B}% 112
\BOOKMARK [2][-]{subsection.B.36}{\376\377\000i\000l\000p}{appendix.B}% 113
\BOOKMARK [2][-]{subsection.B.37}{\376\377\000v\000e\000r\000s\000i\000o\000n\000\137\000s\000p\000a\000c\000e}{appendix.B}% 114
\BOOKMARK [2][-]{subsection.B.38}{\376\377\000a\000n\000a\000l\000o\000g\000y\000\137\000s\000m\000e}{appendix.B}% 115
\BOOKMARK [2][-]{subsection.B.39}{\376\377\000r\000l\000\137\000s\000y\000m\000b\000o\000l\000i\000c}{appendix.B}% 116
\BOOKMARK [2][-]{subsection.B.40}{\376\377\000q\000u\000a\000l\000i\000t\000a\000t\000i\000v\000e\000\137\000r\000e\000a\000s\000o\000n}{appendix.B}% 117
\BOOKMARK [2][-]{subsection.B.41}{\376\377\000n\000a\000i\000v\000e\000\137\000p\000h\000y\000s\000i\000c\000s}{appendix.B}% 118
\BOOKMARK [2][-]{subsection.B.42}{\376\377\000t\000r\000i\000z}{appendix.B}% 119
\BOOKMARK [2][-]{subsection.B.43}{\376\377\000m\000o\000r\000p\000h\000o\000l\000o\000g\000i\000c\000a\000l}{appendix.B}% 120
\BOOKMARK [2][-]{subsection.B.44}{\376\377\000c\000o\000n\000s\000t\000r\000u\000c\000t\000i\000o\000n\000\137\000g\000r\000a\000m\000m\000a\000r}{appendix.B}% 121
\BOOKMARK [2][-]{subsection.B.45}{\376\377\000m\000e\000t\000a\000\137\000r\000e\000a\000s\000o\000n\000i\000n\000g}{appendix.B}% 122
\BOOKMARK [2][-]{subsection.B.46}{\376\377\000a\000u\000t\000o\000i\000n\000s\000t\000i\000n\000c\000t\000\137\000l\000e\000a\000r\000n\000i\000n\000g}{appendix.B}% 123
\BOOKMARK [2][-]{subsection.B.47}{\376\377\000a\000u\000t\000o\000i\000n\000s\000t\000i\000n\000c\000t\000\137\000n\000e\000u\000r\000o\000s\000i\000s}{appendix.B}% 124
\BOOKMARK [2][-]{subsection.B.48}{\376\377\000a\000u\000t\000o\000i\000n\000s\000t\000i\000n\000c\000t\000\137\000s\000e\000m\000a\000n\000t\000i\000c\000s}{appendix.B}% 125
\BOOKMARK [2][-]{subsection.B.49}{\376\377\000a\000u\000t\000o\000i\000n\000s\000t\000i\000n\000c\000t\000\137\000v\000i\000s\000i\000o\000n}{appendix.B}% 126
\BOOKMARK [2][-]{subsection.B.50}{\376\377\000c\000b\000r}{appendix.B}% 127
\BOOKMARK [2][-]{subsection.B.51}{\376\377\000d\000e\000n\000d\000r\000a\000l}{appendix.B}% 128
\BOOKMARK [2][-]{subsection.B.52}{\376\377\000e\000l\000i\000z\000a}{appendix.B}% 129
\BOOKMARK [2][-]{subsection.B.53}{\376\377\000h\000e\000a\000r\000s\000a\000y}{appendix.B}% 130
\BOOKMARK [2][-]{subsection.B.54}{\376\377\000m\000y\000c\000i\000n}{appendix.B}% 131
\BOOKMARK [2][-]{subsection.B.55}{\376\377\000o\000c\000p\000m\000\137\000r\000o\000u\000t\000e\000\137\000d\000i\000s\000c\000o\000v\000e\000r\000e\000r}{appendix.B}% 132
\BOOKMARK [1][-]{appendix.C}{\376\377\000R\000e\000c\000e\000i\000p\000t\000\040\000I\000n\000d\000e\000x}{}% 133
