=== Starting Master Verification Runner ===
--- Verifying 52 individual examples ---
Verifying breed: abductive_ibe
Verifying breed: abductive_lp
Verifying breed: act_r
Verifying breed: allen_temporal
Verifying breed: analogy_sme
Verifying breed: asp
Verifying breed: autoinstinct_learning
Verifying breed: autoinstinct_neurosis
Verifying breed: autoinstinct_semantics
Verifying breed: autoinstinct_vision
Verifying breed: bayesian_network
Verifying breed: belief_merging
Verifying breed: cbr
Verifying breed: circumscription
Verifying breed: clp
Verifying breed: construction_grammar
Verifying breed: contingent_plan
Verifying breed: csp_ac3
Verifying breed: ctl_check
Verifying breed: default_logic
Verifying breed: dempster_shafer
Verifying breed: dendral
Verifying breed: description_logic
Verifying breed: ebl
Verifying breed: eliza
Verifying breed: episodic_memory
Verifying breed: event_calculus
Verifying breed: frames_inheritance
Verifying breed: fuzzy_logic
Verifying breed: gps
Verifying breed: hearsay
Verifying breed: htn_planning
Verifying breed: ilp
Verifying breed: ltl_monitor
Verifying breed: markov_logic
Verifying breed: mdp
Verifying breed: meta_reasoning
Verifying breed: mycin
Verifying breed: naive_physics
Verifying breed: partial_order_plan
Verifying breed: pomdp
Verifying breed: problog
Verifying breed: prolog
Verifying breed: qualitative_reason
Verifying breed: rl_symbolic
Verifying breed: sat_cdcl
Verifying breed: script_sam
Verifying breed: situation_calculus
Verifying breed: soar
Verifying breed: strips
Verifying breed: tableaux
Verifying breed: version_space
✔ All 52 individual examples verified successfully with replay determinism.
--- Verifying 52-stage factory-agent chain ---
Stage 00 [abductive_ibe]: ok / hash=03505d975e04bcd5
Stage 01 [abductive_lp]: ok / hash=1d2b00a9181d2b4f
Stage 02 [act_r]: ok / hash=498890b04458408a
Stage 03 [allen_temporal]: ok / hash=5857df023eaa19ce
Stage 04 [analogy_sme]: ok / hash=1c0c86192c1d10cc
Stage 05 [asp]: ok / hash=26bc8234a55d2cf3
Stage 06 [autoinstinct_learning]: ok / hash=d4178c3e34c112de
Stage 07 [autoinstinct_neurosis]: ok / hash=ec49094817ba42e2
Stage 08 [autoinstinct_semantics]: ok / hash=936d32763f36fd87
Stage 09 [autoinstinct_vision]: ok / hash=22144f1ea996e1e7
Stage 10 [bayesian_network]: ok / hash=1f87a836ce0364ae
Stage 11 [belief_merging]: ok / hash=c3e82c3d29ade8c3
Stage 12 [cbr]: ok / hash=7df2f6ef5b0044ee
Stage 13 [circumscription]: ok / hash=d43ab3c928ce1458
Stage 14 [clp]: ok / hash=515f57f16fb98af8
Stage 15 [construction_grammar]: ok / hash=391261ee6ea3b91f
Stage 16 [contingent_plan]: ok / hash=3467f6a0049cb801
Stage 17 [csp_ac3]: ok / hash=11946bdc64f39399
Stage 18 [ctl_check]: ok / hash=7c3d71e4256fff43
Stage 19 [default_logic]: ok / hash=0424c2a089773487
Stage 20 [dempster_shafer]: ok / hash=0952589e0fdf3211
Stage 21 [dendral]: ok / hash=76a3efb0a37c57a1
Stage 22 [description_logic]: ok / hash=0c7afe958ae08ff8
Stage 23 [ebl]: ok / hash=b829aa409ca0bfdf
Stage 24 [eliza]: ok / hash=66b8d69e85828fd5
Stage 25 [episodic_memory]: ok / hash=c22613f4e1de1c73
Stage 26 [event_calculus]: ok / hash=6cc023f07186f504
Stage 27 [frames_inheritance]: ok / hash=579e9d61e73e92f0
Stage 28 [fuzzy_logic]: ok / hash=19e706073a7021df
Stage 29 [gps]: ok / hash=091667199098d94e
Stage 30 [hearsay]: ok / hash=f0af85a2f1d2eba4
Stage 31 [htn_planning]: ok / hash=c48f545c27f22879
Stage 32 [ilp]: ok / hash=340869bc3cd91796
Stage 33 [ltl_monitor]: ok / hash=b73b0e8d24525020
Stage 34 [markov_logic]: ok / hash=d82fb1a7318e1b4d
Stage 35 [mdp]: ok / hash=a233ae442bf64a09
Stage 36 [meta_reasoning]: ok / hash=ac2659a7f875be3e
Stage 37 [mycin]: ok / hash=d0f352b5e408b6cd
Stage 38 [naive_physics]: ok / hash=78a716dd643e607b
Stage 39 [partial_order_plan]: ok / hash=f5974881fde5e8af
Stage 40 [pomdp]: ok / hash=27b5b6976bac698a
Stage 41 [problog]: ok / hash=c2f11755fb85fa71
Stage 42 [prolog]: ok / hash=a0998fc27758ab9e
Stage 43 [qualitative_reason]: ok / hash=4d46336a65718384
Stage 44 [rl_symbolic]: ok / hash=c0ef95c1524fabab
Stage 45 [sat_cdcl]: ok / hash=fb70c79f8eb340a8
Stage 46 [script_sam]: ok / hash=0378f26b4fa05f23
Stage 47 [situation_calculus]: ok / hash=03acc09c9ae7eb0e
Stage 48 [soar]: ok / hash=c168f575cc450a6f
Stage 49 [strips]: ok / hash=afc7dc6e0552c804
Stage 50 [tableaux]: ok / hash=ba67019f66de0810
Stage 51 [version_space]: ok / hash=1dba3dc45e3818f5

=== Chain complete: 52/52 stages ok ===
✔ factory-agent 52-stage chain execution verified successfully.
--- Running cryptographic receipt validations ---
Running TS receipt authenticity script...
--- Verifying Receipt Authenticity for v26.6.10 ---
[DOCTOR] Auditing autonomic_healing.receipt.json with Rust Receipt Doctor...
warning: unknown lint: `removed`
 --> wasm4pm/src/lib.rs:8:5
  |
8 |     removed,
  |     ^^^^^^^
  |
  = note: `#[warn(unknown_lints)]` on by default

warning: unknown lint: `removed`
 --> wasm4pm/src/powl/conversion/to_petri_net.rs:1:10
  |
1 | #![allow(removed)]
  |          ^^^^^^^

warning: unknown lint: `removed`
 --> wasm4pm/src/powl/discovery/fall_through.rs:1:10
  |
1 | #![allow(removed)]
  |          ^^^^^^^

warning: unknown lint: `removed`
 --> wasm4pm/src/powl_arena.rs:1:10
  |
1 | #![allow(removed)]
  |          ^^^^^^^

warning: unknown lint: `removed`
   --> wasm4pm/src/powl_arena.rs:580:17
    |
580 |         #[allow(removed)]
    |                 ^^^^^^^


=== RECEIPT DOCTOR AUDIT REPORT ===
Audience Profile:         operator
Admission Status:         ADMITTED
Denied Paths Count:       0
Doctor Report Hash:       d53d18c23212ea7b6300594bb89bce60218f6eff2b9d628b8cc42d3e79bbd5ab
===================================
[DOCTOR] Auditing benevolence_route.receipt.json with Rust Receipt Doctor...
warning: unknown lint: `removed`
 --> wasm4pm/src/lib.rs:8:5
  |
8 |     removed,
  |     ^^^^^^^
  |
  = note: `#[warn(unknown_lints)]` on by default

warning: unknown lint: `removed`
 --> wasm4pm/src/powl/conversion/to_petri_net.rs:1:10
  |
1 | #![allow(removed)]
  |          ^^^^^^^

warning: unknown lint: `removed`
 --> wasm4pm/src/powl/discovery/fall_through.rs:1:10
  |
1 | #![allow(removed)]
  |          ^^^^^^^

warning: unknown lint: `removed`
 --> wasm4pm/src/powl_arena.rs:1:10
  |
1 | #![allow(removed)]
  |          ^^^^^^^

warning: unknown lint: `removed`
   --> wasm4pm/src/powl_arena.rs:580:17
    |
580 |         #[allow(removed)]
    |                 ^^^^^^^


=== RECEIPT DOCTOR AUDIT REPORT ===
Audience Profile:         operator
Admission Status:         ADMITTED
Denied Paths Count:       0
Doctor Report Hash:       d53d18c23212ea7b6300594bb89bce60218f6eff2b9d628b8cc42d3e79bbd5ab
===================================
[DOCTOR] Auditing cg_belonging.receipt.json with Rust Receipt Doctor...
warning: unknown lint: `removed`
 --> wasm4pm/src/lib.rs:8:5
  |
8 |     removed,
  |     ^^^^^^^
  |
  = note: `#[warn(unknown_lints)]` on by default

warning: unknown lint: `removed`
 --> wasm4pm/src/powl/conversion/to_petri_net.rs:1:10
  |
1 | #![allow(removed)]
  |          ^^^^^^^

warning: unknown lint: `removed`
 --> wasm4pm/src/powl/discovery/fall_through.rs:1:10
  |
1 | #![allow(removed)]
  |          ^^^^^^^

warning: unknown lint: `removed`
 --> wasm4pm/src/powl_arena.rs:1:10
  |
1 | #![allow(removed)]
  |          ^^^^^^^

warning: unknown lint: `removed`
   --> wasm4pm/src/powl_arena.rs:580:17
    |
580 |         #[allow(removed)]
    |                 ^^^^^^^


=== RECEIPT DOCTOR AUDIT REPORT ===
Audience Profile:         operator
Admission Status:         ADMITTED
Denied Paths Count:       0
Doctor Report Hash:       d53d18c23212ea7b6300594bb89bce60218f6eff2b9d628b8cc42d3e79bbd5ab
===================================
[DOCTOR] Auditing cicd_mining.receipt.json with Rust Receipt Doctor...
warning: unknown lint: `removed`
 --> wasm4pm/src/lib.rs:8:5
  |
8 |     removed,
  |     ^^^^^^^
  |
  = note: `#[warn(unknown_lints)]` on by default

warning: unknown lint: `removed`
 --> wasm4pm/src/powl/conversion/to_petri_net.rs:1:10
  |
1 | #![allow(removed)]
  |          ^^^^^^^

warning: unknown lint: `removed`
 --> wasm4pm/src/powl/discovery/fall_through.rs:1:10
  |
1 | #![allow(removed)]
  |          ^^^^^^^

warning: unknown lint: `removed`
 --> wasm4pm/src/powl_arena.rs:1:10
  |
1 | #![allow(removed)]
  |          ^^^^^^^

warning: unknown lint: `removed`
   --> wasm4pm/src/powl_arena.rs:580:17
    |
580 |         #[allow(removed)]
    |                 ^^^^^^^


=== RECEIPT DOCTOR AUDIT REPORT ===
Audience Profile:         operator
Admission Status:         ADMITTED
Denied Paths Count:       0
Doctor Report Hash:       d53d18c23212ea7b6300594bb89bce60218f6eff2b9d628b8cc42d3e79bbd5ab
===================================
[DOCTOR] Auditing customer_journey.receipt.json with Rust Receipt Doctor...
warning: unknown lint: `removed`
 --> wasm4pm/src/lib.rs:8:5
  |
8 |     removed,
  |     ^^^^^^^
  |
  = note: `#[warn(unknown_lints)]` on by default

warning: unknown lint: `removed`
 --> wasm4pm/src/powl/conversion/to_petri_net.rs:1:10
  |
1 | #![allow(removed)]
  |          ^^^^^^^

warning: unknown lint: `removed`
 --> wasm4pm/src/powl/discovery/fall_through.rs:1:10
  |
1 | #![allow(removed)]
  |          ^^^^^^^

warning: unknown lint: `removed`
 --> wasm4pm/src/powl_arena.rs:1:10
  |
1 | #![allow(removed)]
  |          ^^^^^^^

warning: unknown lint: `removed`
   --> wasm4pm/src/powl_arena.rs:580:17
    |
580 |         #[allow(removed)]
    |                 ^^^^^^^


=== RECEIPT DOCTOR AUDIT REPORT ===
Audience Profile:         operator
Admission Status:         ADMITTED
Denied Paths Count:       0
Doctor Report Hash:       d53d18c23212ea7b6300594bb89bce60218f6eff2b9d628b8cc42d3e79bbd5ab
===================================
[DOCTOR] Auditing ecommerce_nba.receipt.json with Rust Receipt Doctor...
warning: unknown lint: `removed`
 --> wasm4pm/src/lib.rs:8:5
  |
8 |     removed,
  |     ^^^^^^^
  |
  = note: `#[warn(unknown_lints)]` on by default

warning: unknown lint: `removed`
 --> wasm4pm/src/powl/conversion/to_petri_net.rs:1:10
  |
1 | #![allow(removed)]
  |          ^^^^^^^

warning: unknown lint: `removed`
 --> wasm4pm/src/powl/discovery/fall_through.rs:1:10
  |
1 | #![allow(removed)]
  |          ^^^^^^^

warning: unknown lint: `removed`
 --> wasm4pm/src/powl_arena.rs:1:10
  |
1 | #![allow(removed)]
  |          ^^^^^^^

warning: unknown lint: `removed`
   --> wasm4pm/src/powl_arena.rs:580:17
    |
580 |         #[allow(removed)]
    |                 ^^^^^^^


=== RECEIPT DOCTOR AUDIT REPORT ===
Audience Profile:         operator
Admission Status:         ADMITTED
Denied Paths Count:       0
Doctor Report Hash:       d53d18c23212ea7b6300594bb89bce60218f6eff2b9d628b8cc42d3e79bbd5ab
===================================
[DOCTOR] Auditing finance_audit.receipt.json with Rust Receipt Doctor...
warning: unknown lint: `removed`
 --> wasm4pm/src/lib.rs:8:5
  |
8 |     removed,
  |     ^^^^^^^
  |
  = note: `#[warn(unknown_lints)]` on by default

warning: unknown lint: `removed`
 --> wasm4pm/src/powl/conversion/to_petri_net.rs:1:10
  |
1 | #![allow(removed)]
  |          ^^^^^^^

warning: unknown lint: `removed`
 --> wasm4pm/src/powl/discovery/fall_through.rs:1:10
  |
1 | #![allow(removed)]
  |          ^^^^^^^

warning: unknown lint: `removed`
 --> wasm4pm/src/powl_arena.rs:1:10
  |
1 | #![allow(removed)]
  |          ^^^^^^^

warning: unknown lint: `removed`
   --> wasm4pm/src/powl_arena.rs:580:17
    |
580 |         #[allow(removed)]
    |                 ^^^^^^^


=== RECEIPT DOCTOR AUDIT REPORT ===
Audience Profile:         operator
Admission Status:         ADMITTED
Denied Paths Count:       0
Doctor Report Hash:       d53d18c23212ea7b6300594bb89bce60218f6eff2b9d628b8cc42d3e79bbd5ab
===================================
[DOCTOR] Auditing healthcare_protocol.receipt.json with Rust Receipt Doctor...
warning: unknown lint: `removed`
 --> wasm4pm/src/lib.rs:8:5
  |
8 |     removed,
  |     ^^^^^^^
  |
  = note: `#[warn(unknown_lints)]` on by default

warning: unknown lint: `removed`
 --> wasm4pm/src/powl/conversion/to_petri_net.rs:1:10
  |
1 | #![allow(removed)]
  |          ^^^^^^^

warning: unknown lint: `removed`
 --> wasm4pm/src/powl/discovery/fall_through.rs:1:10
  |
1 | #![allow(removed)]
  |          ^^^^^^^

warning: unknown lint: `removed`
 --> wasm4pm/src/powl_arena.rs:1:10
  |
1 | #![allow(removed)]
  |          ^^^^^^^

warning: unknown lint: `removed`
   --> wasm4pm/src/powl_arena.rs:580:17
    |
580 |         #[allow(removed)]
    |                 ^^^^^^^


=== RECEIPT DOCTOR AUDIT REPORT ===
Audience Profile:         operator
Admission Status:         ADMITTED
Denied Paths Count:       0
Doctor Report Hash:       d53d18c23212ea7b6300594bb89bce60218f6eff2b9d628b8cc42d3e79bbd5ab
===================================
[DOCTOR] Auditing hft_monitoring.receipt.json with Rust Receipt Doctor...
warning: unknown lint: `removed`
 --> wasm4pm/src/lib.rs:8:5
  |
8 |     removed,
  |     ^^^^^^^
  |
  = note: `#[warn(unknown_lints)]` on by default

warning: unknown lint: `removed`
 --> wasm4pm/src/powl/conversion/to_petri_net.rs:1:10
  |
1 | #![allow(removed)]
  |          ^^^^^^^

warning: unknown lint: `removed`
 --> wasm4pm/src/powl/discovery/fall_through.rs:1:10
  |
1 | #![allow(removed)]
  |          ^^^^^^^

warning: unknown lint: `removed`
 --> wasm4pm/src/powl_arena.rs:1:10
  |
1 | #![allow(removed)]
  |          ^^^^^^^

warning: unknown lint: `removed`
   --> wasm4pm/src/powl_arena.rs:580:17
    |
580 |         #[allow(removed)]
    |                 ^^^^^^^


=== RECEIPT DOCTOR AUDIT REPORT ===
Audience Profile:         operator
Admission Status:         ADMITTED
Denied Paths Count:       0
Doctor Report Hash:       d53d18c23212ea7b6300594bb89bce60218f6eff2b9d628b8cc42d3e79bbd5ab
===================================
[DOCTOR] Auditing kids_safety.receipt.json with Rust Receipt Doctor...
warning: unknown lint: `removed`
 --> wasm4pm/src/lib.rs:8:5
  |
8 |     removed,
  |     ^^^^^^^
  |
  = note: `#[warn(unknown_lints)]` on by default

warning: unknown lint: `removed`
 --> wasm4pm/src/powl/conversion/to_petri_net.rs:1:10
  |
1 | #![allow(removed)]
  |          ^^^^^^^

warning: unknown lint: `removed`
 --> wasm4pm/src/powl/discovery/fall_through.rs:1:10
  |
1 | #![allow(removed)]
  |          ^^^^^^^

warning: unknown lint: `removed`
 --> wasm4pm/src/powl_arena.rs:1:10
  |
1 | #![allow(removed)]
  |          ^^^^^^^

warning: unknown lint: `removed`
   --> wasm4pm/src/powl_arena.rs:580:17
    |
580 |         #[allow(removed)]
    |                 ^^^^^^^


=== RECEIPT DOCTOR AUDIT REPORT ===
Audience Profile:         operator
Admission Status:         ADMITTED
Denied Paths Count:       0
Doctor Report Hash:       d53d18c23212ea7b6300594bb89bce60218f6eff2b9d628b8cc42d3e79bbd5ab
===================================
[DOCTOR] Auditing prayer_pipeline.receipt.json with Rust Receipt Doctor...
warning: unknown lint: `removed`
 --> wasm4pm/src/lib.rs:8:5
  |
8 |     removed,
  |     ^^^^^^^
  |
  = note: `#[warn(unknown_lints)]` on by default

warning: unknown lint: `removed`
 --> wasm4pm/src/powl/conversion/to_petri_net.rs:1:10
  |
1 | #![allow(removed)]
  |          ^^^^^^^

warning: unknown lint: `removed`
 --> wasm4pm/src/powl/discovery/fall_through.rs:1:10
  |
1 | #![allow(removed)]
  |          ^^^^^^^

warning: unknown lint: `removed`
 --> wasm4pm/src/powl_arena.rs:1:10
  |
1 | #![allow(removed)]
  |          ^^^^^^^

warning: unknown lint: `removed`
   --> wasm4pm/src/powl_arena.rs:580:17
    |
580 |         #[allow(removed)]
    |                 ^^^^^^^


=== RECEIPT DOCTOR AUDIT REPORT ===
Audience Profile:         operator
Admission Status:         ADMITTED
Denied Paths Count:       0
Doctor Report Hash:       d53d18c23212ea7b6300594bb89bce60218f6eff2b9d628b8cc42d3e79bbd5ab
===================================
[DOCTOR] Auditing production_line.receipt.json with Rust Receipt Doctor...
warning: unknown lint: `removed`
 --> wasm4pm/src/lib.rs:8:5
  |
8 |     removed,
  |     ^^^^^^^
  |
  = note: `#[warn(unknown_lints)]` on by default

warning: unknown lint: `removed`
 --> wasm4pm/src/powl/conversion/to_petri_net.rs:1:10
  |
1 | #![allow(removed)]
  |          ^^^^^^^

warning: unknown lint: `removed`
 --> wasm4pm/src/powl/discovery/fall_through.rs:1:10
  |
1 | #![allow(removed)]
  |          ^^^^^^^

warning: unknown lint: `removed`
 --> wasm4pm/src/powl_arena.rs:1:10
  |
1 | #![allow(removed)]
  |          ^^^^^^^

warning: unknown lint: `removed`
   --> wasm4pm/src/powl_arena.rs:580:17
    |
580 |         #[allow(removed)]
    |                 ^^^^^^^


=== RECEIPT DOCTOR AUDIT REPORT ===
Audience Profile:         operator
Admission Status:         ADMITTED
Denied Paths Count:       0
Doctor Report Hash:       d53d18c23212ea7b6300594bb89bce60218f6eff2b9d628b8cc42d3e79bbd5ab
===================================
[DOCTOR] Auditing sunday_andon.receipt.json with Rust Receipt Doctor...
warning: unknown lint: `removed`
 --> wasm4pm/src/lib.rs:8:5
  |
8 |     removed,
  |     ^^^^^^^
  |
  = note: `#[warn(unknown_lints)]` on by default

warning: unknown lint: `removed`
 --> wasm4pm/src/powl/conversion/to_petri_net.rs:1:10
  |
1 | #![allow(removed)]
  |          ^^^^^^^

warning: unknown lint: `removed`
 --> wasm4pm/src/powl/discovery/fall_through.rs:1:10
  |
1 | #![allow(removed)]
  |          ^^^^^^^

warning: unknown lint: `removed`
 --> wasm4pm/src/powl_arena.rs:1:10
  |
1 | #![allow(removed)]
  |          ^^^^^^^

warning: unknown lint: `removed`
   --> wasm4pm/src/powl_arena.rs:580:17
    |
580 |         #[allow(removed)]
    |                 ^^^^^^^


=== RECEIPT DOCTOR AUDIT REPORT ===
Audience Profile:         operator
Admission Status:         ADMITTED
Denied Paths Count:       0
Doctor Report Hash:       d53d18c23212ea7b6300594bb89bce60218f6eff2b9d628b8cc42d3e79bbd5ab
===================================
[DOCTOR] Auditing supply_chain_port.receipt.json with Rust Receipt Doctor...
warning: unknown lint: `removed`
 --> wasm4pm/src/lib.rs:8:5
  |
8 |     removed,
  |     ^^^^^^^
  |
  = note: `#[warn(unknown_lints)]` on by default

warning: unknown lint: `removed`
 --> wasm4pm/src/powl/conversion/to_petri_net.rs:1:10
  |
1 | #![allow(removed)]
  |          ^^^^^^^

warning: unknown lint: `removed`
 --> wasm4pm/src/powl/discovery/fall_through.rs:1:10
  |
1 | #![allow(removed)]
  |          ^^^^^^^

warning: unknown lint: `removed`
 --> wasm4pm/src/powl_arena.rs:1:10
  |
1 | #![allow(removed)]
  |          ^^^^^^^

warning: unknown lint: `removed`
   --> wasm4pm/src/powl_arena.rs:580:17
    |
580 |         #[allow(removed)]
    |                 ^^^^^^^


=== RECEIPT DOCTOR AUDIT REPORT ===
Audience Profile:         operator
Admission Status:         ADMITTED
Denied Paths Count:       0
Doctor Report Hash:       d53d18c23212ea7b6300594bb89bce60218f6eff2b9d628b8cc42d3e79bbd5ab
===================================
[DOCTOR] Auditing volunteer_serving.receipt.json with Rust Receipt Doctor...
warning: unknown lint: `removed`
 --> wasm4pm/src/lib.rs:8:5
  |
8 |     removed,
  |     ^^^^^^^
  |
  = note: `#[warn(unknown_lints)]` on by default

warning: unknown lint: `removed`
 --> wasm4pm/src/powl/conversion/to_petri_net.rs:1:10
  |
1 | #![allow(removed)]
  |          ^^^^^^^

warning: unknown lint: `removed`
 --> wasm4pm/src/powl/discovery/fall_through.rs:1:10
  |
1 | #![allow(removed)]
  |          ^^^^^^^

warning: unknown lint: `removed`
 --> wasm4pm/src/powl_arena.rs:1:10
  |
1 | #![allow(removed)]
  |          ^^^^^^^

warning: unknown lint: `removed`
   --> wasm4pm/src/powl_arena.rs:580:17
    |
580 |         #[allow(removed)]
    |                 ^^^^^^^


=== RECEIPT DOCTOR AUDIT REPORT ===
Audience Profile:         operator
Admission Status:         ADMITTED
Denied Paths Count:       0
Doctor Report Hash:       d53d18c23212ea7b6300594bb89bce60218f6eff2b9d628b8cc42d3e79bbd5ab
===================================
[PASS] All 15 receipts verified for authenticity and hash integrity.
=== ALL VERIFICATIONS PASSED SUCCESSFULLY ===
