\BOOKMARK [0][-]{chapter*.1}{\376\377\000A\000c\000k\000n\000o\000w\000l\000e\000d\000g\000m\000e\000n\000t\000s}{}% 1
\BOOKMARK [0][-]{chapter*.4}{\376\377\000A\000b\000s\000t\000r\000a\000c\000t}{}% 2
\BOOKMARK [0][-]{chapter.1}{\376\377\000I\000n\000t\000r\000o\000d\000u\000c\000t\000i\000o\000n}{}% 3
\BOOKMARK [1][-]{section.1.1}{\376\377\000T\000h\000e\000\040\000E\000p\000i\000s\000t\000e\000m\000o\000l\000o\000g\000i\000c\000a\000l\000\040\000C\000r\000i\000s\000i\000s\000\040\000i\000n\000\040\000D\000e\000p\000l\000o\000y\000e\000d\000\040\000A\000I}{chapter.1}% 4
\BOOKMARK [2][-]{subsection.1.1.1}{\376\377\000T\000h\000e\000o\000r\000y\000\040\000w\000i\000t\000h\000o\000u\000t\000\040\000o\000p\000e\000r\000a\000t\000i\000o\000n\000a\000l\000\040\000p\000r\000o\000o\000f}{section.1.1}% 5
\BOOKMARK [2][-]{subsection.1.1.2}{\376\377\000T\000h\000e\000\040\000d\000e\000p\000l\000o\000y\000m\000e\000n\000t\000\040\000g\000a\000p\000\040\000i\000n\000\040\000p\000r\000a\000c\000t\000i\000c\000e}{section.1.1}% 6
\BOOKMARK [1][-]{section.1.2}{\376\377\000T\000h\000e\000\040\000R\000e\000s\000e\000a\000r\000c\000h\000\040\000Q\000u\000e\000s\000t\000i\000o\000n\000s}{chapter.1}% 7
\BOOKMARK [1][-]{section.1.3}{\376\377\000C\000o\000n\000t\000r\000i\000b\000u\000t\000i\000o\000n\000s}{chapter.1}% 8
\BOOKMARK [2][-]{subsection.1.3.1}{\376\377\000T\000h\000e\000\040\000w\000a\000s\000m\0004\000p\000m\000\040\000c\000o\000g\000n\000i\000t\000i\000o\000n\000\040\000b\000r\000e\000e\000d\000\040\000f\000r\000a\000m\000e\000w\000o\000r\000k}{section.1.3}% 9
\BOOKMARK [2][-]{subsection.1.3.2}{\376\377\000T\000h\000e\000\040\000O\000C\000E\000L\000\040\000p\000r\000o\000v\000a\000b\000i\000l\000i\000t\000y\000\040\000l\000a\000y\000e\000r}{section.1.3}% 10
\BOOKMARK [2][-]{subsection.1.3.3}{\376\377\000T\000h\000e\000\040\000B\000L\000A\000K\000E\0003\000\040\000r\000e\000c\000e\000i\000p\000t\000\040\000c\000h\000a\000i\000n}{section.1.3}% 11
\BOOKMARK [2][-]{subsection.1.3.4}{\376\377\000T\000h\000e\000\040\000u\000n\000f\000a\000k\000e\000a\000b\000l\000e\000\040\000o\000r\000a\000c\000l\000e\000\040\000t\000e\000s\000t\000\040\000s\000u\000i\000t\000e}{section.1.3}% 12
\BOOKMARK [2][-]{subsection.1.3.5}{\376\377\000A\000\040\000t\000a\000x\000o\000n\000o\000m\000y\000\040\000o\000f\000\040\000F\000o\000r\000t\000u\000n\000e\000-\0005\000\040\000d\000e\000p\000l\000o\000y\000m\000e\000n\000t\000\040\000p\000a\000t\000t\000e\000r\000n\000s}{section.1.3}% 13
\BOOKMARK [1][-]{section.1.4}{\376\377\000D\000o\000c\000u\000m\000e\000n\000t\000\040\000S\000t\000r\000u\000c\000t\000u\000r\000e}{chapter.1}% 14
\BOOKMARK [1][-]{section.1.5}{\376\377\000T\000e\000r\000m\000i\000n\000o\000l\000o\000g\000y}{chapter.1}% 15
\BOOKMARK [0][-]{chapter.2}{\376\377\000B\000a\000c\000k\000g\000r\000o\000u\000n\000d\000\040\000a\000n\000d\000\040\000R\000e\000l\000a\000t\000e\000d\000\040\000W\000o\000r\000k}{}% 16
\BOOKMARK [1][-]{section.2.1}{\376\377\000T\000h\000e\000\040\000C\000l\000a\000s\000s\000i\000c\000a\000l\000\040\000A\000I\000\040\000R\000e\000a\000s\000o\000n\000i\000n\000g\000\040\000S\000y\000s\000t\000e\000m\000s}{chapter.2}% 17
\BOOKMARK [2][-]{subsection.2.1.1}{\376\377\000M\000Y\000C\000I\000N\000\040\000\050\000S\000h\000o\000r\000t\000l\000i\000f\000f\000e\000,\000\040\0001\0009\0007\0006\000\051}{section.2.1}% 18
\BOOKMARK [2][-]{subsection.2.1.2}{\376\377\000H\000E\000A\000R\000S\000A\000Y\000-\000I\000I\000\040\000\050\000E\000r\000m\000a\000n\000\040\000\046\000\040\000L\000e\000s\000s\000e\000r\000,\000\040\0001\0009\0008\0000\000\051}{section.2.1}% 19
\BOOKMARK [2][-]{subsection.2.1.3}{\376\377\000S\000O\000A\000R\000\040\000\050\000N\000e\000w\000e\000l\000l\000,\000\040\000L\000a\000i\000r\000d\000\040\000\046\000\040\000R\000o\000s\000e\000n\000b\000l\000o\000o\000m\000,\000\040\0001\0009\0008\0007\000\051}{section.2.1}% 20
\BOOKMARK [2][-]{subsection.2.1.4}{\376\377\000C\000a\000s\000e\000-\000B\000a\000s\000e\000d\000\040\000R\000e\000a\000s\000o\000n\000i\000n\000g\000\040\000\050\000K\000o\000l\000o\000d\000n\000e\000r\000,\000\040\0001\0009\0009\0003\000;\000\040\000A\000a\000m\000o\000d\000t\000\040\000\046\000\040\000P\000l\000a\000z\000a\000,\000\040\0001\0009\0009\0004\000\051}{section.2.1}% 21
\BOOKMARK [2][-]{subsection.2.1.5}{\376\377\000P\000r\000o\000l\000o\000g\000\040\000a\000n\000d\000\040\000R\000o\000b\000i\000n\000s\000o\000n\000\040\000U\000n\000i\000f\000i\000c\000a\000t\000i\000o\000n\000\040\000\050\000R\000o\000b\000i\000n\000s\000o\000n\000,\000\040\0001\0009\0006\0005\000;\000\040\000C\000o\000l\000m\000e\000r\000a\000u\000e\000r\000,\000\040\0001\0009\0007\0002\000\051}{section.2.1}% 22
\BOOKMARK [2][-]{subsection.2.1.6}{\376\377\000S\000T\000R\000I\000P\000S\000\040\000\050\000F\000i\000k\000e\000s\000\040\000\046\000\040\000N\000i\000l\000s\000s\000o\000n\000,\000\040\0001\0009\0007\0001\000\051}{section.2.1}% 23
\BOOKMARK [2][-]{subsection.2.1.7}{\376\377\000G\000P\000S\000\040\000\050\000N\000e\000w\000e\000l\000l\000\040\000\046\000\040\000S\000i\000m\000o\000n\000,\000\040\0001\0009\0006\0003\000\051}{section.2.1}% 24
\BOOKMARK [2][-]{subsection.2.1.8}{\376\377\000D\000E\000N\000D\000R\000A\000L\000\040\000\050\000B\000u\000c\000h\000a\000n\000a\000n\000\040\000\046\000\040\000F\000e\000i\000g\000e\000n\000b\000a\000u\000m\000,\000\040\0001\0009\0007\0008\000\051}{section.2.1}% 25
\BOOKMARK [2][-]{subsection.2.1.9}{\376\377\000E\000L\000I\000Z\000A\000\040\000\050\000W\000e\000i\000z\000e\000n\000b\000a\000u\000m\000,\000\040\0001\0009\0006\0006\000\051}{section.2.1}% 26
\BOOKMARK [2][-]{subsection.2.1.10}{\376\377\000A\000u\000t\000o\000i\000n\000s\000t\000i\000n\000c\000t\000\040\000B\000r\000e\000e\000d\000s\000\040\000\050\000v\000a\000n\000\040\000d\000e\000r\000\040\000A\000a\000l\000s\000t\000\040\000l\000i\000n\000e\000a\000g\000e\000,\000\040\0002\0000\0002\0006\000\051}{section.2.1}% 27
\BOOKMARK [1][-]{section.2.2}{\376\377\000T\000h\000e\000\040\000O\000p\000e\000r\000a\000t\000i\000o\000n\000a\000l\000\040\000F\000a\000l\000s\000i\000f\000i\000a\000b\000i\000l\000i\000t\000y\000\040\000P\000r\000o\000b\000l\000e\000m}{chapter.2}% 28
\BOOKMARK [1][-]{section.2.3}{\376\377\000P\000r\000o\000c\000e\000s\000s\000\040\000M\000i\000n\000i\000n\000g\000\040\000a\000n\000d\000\040\000O\000C\000E\000L\000\040\0002\000.\0000}{chapter.2}% 29
\BOOKMARK [2][-]{subsection.2.3.1}{\376\377\000O\000b\000j\000e\000c\000t\000-\000C\000e\000n\000t\000r\000i\000c\000\040\000E\000v\000e\000n\000t\000\040\000L\000o\000g\000s\000\040\000\050\000O\000C\000E\000L\000\040\0002\000.\0000\000\051}{section.2.3}% 30
\BOOKMARK [2][-]{subsection.2.3.2}{\376\377\000D\000F\000A\000\040\000C\000o\000n\000f\000o\000r\000m\000a\000n\000c\000e\000\040\000C\000h\000e\000c\000k\000i\000n\000g}{section.2.3}% 31
\BOOKMARK [2][-]{subsection.2.3.3}{\376\377\000W\000h\000y\000\040\000P\000r\000o\000c\000e\000s\000s\000\040\000M\000i\000n\000i\000n\000g\000\040\000I\000s\000\040\000t\000h\000e\000\040\000N\000a\000t\000u\000r\000a\000l\000\040\000A\000u\000d\000i\000t\000\040\000F\000r\000a\000m\000e\000w\000o\000r\000k}{section.2.3}% 32
\BOOKMARK [1][-]{section.2.4}{\376\377\000W\000e\000b\000A\000s\000s\000e\000m\000b\000l\000y\000\040\000a\000s\000\040\000a\000\040\000D\000e\000p\000l\000o\000y\000m\000e\000n\000t\000\040\000T\000a\000r\000g\000e\000t}{chapter.2}% 33
\BOOKMARK [2][-]{subsection.2.4.1}{\376\377\000D\000e\000t\000e\000r\000m\000i\000n\000i\000s\000m\000\040\000G\000u\000a\000r\000a\000n\000t\000e\000e\000s}{section.2.4}% 34
\BOOKMARK [2][-]{subsection.2.4.2}{\376\377\000B\000u\000i\000l\000d\000\040\000T\000a\000r\000g\000e\000t\000s\000\040\000a\000n\000d\000\040\000T\000o\000o\000l\000c\000h\000a\000i\000n}{section.2.4}% 35
\BOOKMARK [1][-]{section.2.5}{\376\377\000B\000L\000A\000K\000E\0003\000\040\000a\000n\000d\000\040\000C\000r\000y\000p\000t\000o\000g\000r\000a\000p\000h\000i\000c\000\040\000R\000e\000c\000e\000i\000p\000t\000\040\000C\000h\000a\000i\000n\000s}{chapter.2}% 36
\BOOKMARK [2][-]{subsection.2.5.1}{\376\377\000R\000e\000c\000e\000i\000p\000t\000\040\000C\000o\000n\000s\000t\000r\000u\000c\000t\000i\000o\000n}{section.2.5}% 37
\BOOKMARK [2][-]{subsection.2.5.2}{\376\377\000C\000r\000y\000p\000t\000o\000g\000r\000a\000p\000h\000i\000c\000\040\000P\000r\000o\000o\000f\000\040\000o\000f\000\040\000P\000r\000o\000c\000e\000s\000s}{section.2.5}% 38
\BOOKMARK [1][-]{section.2.6}{\376\377\000S\000u\000m\000m\000a\000r\000y}{chapter.2}% 39
\BOOKMARK [0][-]{chapter.3}{\376\377\000T\000h\000e\000\040\000O\000L\000D\000I\000A\000\040\000F\000r\000a\000m\000e\000w\000o\000r\000k\000:\000\040\000A\000r\000c\000h\000i\000t\000e\000c\000t\000u\000r\000e\000\040\000a\000n\000d\000\040\000D\000e\000s\000i\000g\000n}{}% 40
\BOOKMARK [1][-]{section.3.1}{\376\377\000D\000e\000s\000i\000g\000n\000\040\000P\000r\000i\000n\000c\000i\000p\000l\000e\000s}{chapter.3}% 41
\BOOKMARK [2][-]{subsection.3.1.1}{\376\377\000O\000p\000e\000r\000a\000t\000i\000o\000n\000a\000l\000\040\000F\000a\000l\000s\000i\000f\000i\000a\000b\000i\000l\000i\000t\000y\000\040\000a\000s\000\040\000a\000\040\000F\000i\000r\000s\000t\000-\000C\000l\000a\000s\000s\000\040\000P\000r\000o\000p\000e\000r\000t\000y}{section.3.1}% 42
\BOOKMARK [2][-]{subsection.3.1.2}{\376\377\000N\000o\000\040\000W\000a\000l\000l\000-\000C\000l\000o\000c\000k\000\040\000T\000i\000m\000e\000s\000t\000a\000m\000p\000s}{section.3.1}% 43
\BOOKMARK [2][-]{subsection.3.1.3}{\376\377\000O\000C\000E\000L\000\040\000L\000o\000g\000\040\000I\000n\000s\000i\000d\000e\000\040\000o\000u\000t\000p\000u\000t\000\137\000h\000a\000s\000h}{section.3.1}% 44
\BOOKMARK [2][-]{subsection.3.1.4}{\376\377\000S\000i\000n\000g\000l\000e\000\040\000C\000h\000o\000k\000e\000\040\000P\000o\000i\000n\000t\000\040\000E\000n\000f\000o\000r\000c\000e\000m\000e\000n\000t}{section.3.1}% 45
\BOOKMARK [2][-]{subsection.3.1.5}{\376\377\000A\000d\000d\000i\000t\000i\000v\000e\000-\000O\000n\000l\000y\000\040\000C\000o\000n\000t\000r\000a\000c\000t\000R\000e\000s\000u\000l\000t}{section.3.1}% 46
\BOOKMARK [1][-]{section.3.2}{\376\377\000T\000h\000e\000\040\000B\000r\000e\000e\000d\000\040\000C\000o\000n\000t\000r\000a\000c\000t\000\040\000I\000n\000t\000e\000r\000f\000a\000c\000e}{chapter.3}% 47
\BOOKMARK [2][-]{subsection.3.2.1}{\376\377\000T\000h\000e\000\040\000T\000r\000a\000c\000e\000S\000t\000e\000p\000\040\000S\000t\000r\000u\000c\000t}{section.3.2}% 48
\BOOKMARK [2][-]{subsection.3.2.2}{\376\377\000T\000h\000e\000\040\000B\000r\000e\000e\000d\000O\000u\000t\000p\000u\000t\000\040\000S\000t\000r\000u\000c\000t}{section.3.2}% 49
\BOOKMARK [1][-]{section.3.3}{\376\377\000T\000h\000e\000\040\000O\000C\000E\000L\000\040\0002\000.\0000\000\040\000P\000r\000o\000v\000a\000b\000i\000l\000i\000t\000y\000\040\000L\000a\000y\000e\000r}{chapter.3}% 50
\BOOKMARK [2][-]{subsection.3.3.1}{\376\377\000O\000C\000E\000L\000\040\0002\000.\0000\000\040\000D\000a\000t\000a\000\040\000S\000t\000r\000u\000c\000t\000u\000r\000e\000s}{section.3.3}% 51
\BOOKMARK [2][-]{subsection.3.3.2}{\376\377\000L\000o\000g\000\040\000D\000e\000r\000i\000v\000a\000t\000i\000o\000n}{section.3.3}% 52
\BOOKMARK [2][-]{subsection.3.3.3}{\376\377\000L\000i\000f\000e\000c\000y\000c\000l\000e\000\040\000M\000o\000d\000e\000l\000s}{section.3.3}% 53
\BOOKMARK [2][-]{subsection.3.3.4}{\376\377\000C\000o\000n\000f\000o\000r\000m\000a\000n\000c\000e\000\040\000C\000h\000e\000c\000k\000i\000n\000g}{section.3.3}% 54
\BOOKMARK [2][-]{subsection.3.3.5}{\376\377\000T\000e\000m\000p\000o\000r\000a\000l\000\040\000C\000o\000n\000f\000o\000r\000m\000a\000n\000c\000e}{section.3.3}% 55
\BOOKMARK [1][-]{section.3.4}{\376\377\000T\000h\000e\000\040\000r\000u\000n\000\137\000b\000r\000e\000e\000d\000\040\000E\000n\000f\000o\000r\000c\000e\000m\000e\000n\000t\000\040\000P\000o\000i\000n\000t}{chapter.3}% 56
\BOOKMARK [1][-]{section.3.5}{\376\377\000T\000h\000e\000\040\000C\000o\000n\000t\000r\000a\000c\000t\000R\000e\000s\000u\000l\000t\000\040\000a\000n\000d\000\040\000R\000e\000c\000e\000i\000p\000t\000\040\000C\000h\000a\000i\000n}{chapter.3}% 57
\BOOKMARK [1][-]{section.3.6}{\376\377\000T\000h\000e\000\040\000D\000e\000t\000e\000r\000m\000i\000n\000i\000s\000m\000\040\000G\000u\000a\000r\000a\000n\000t\000e\000e}{chapter.3}% 58
\BOOKMARK [1][-]{section.3.7}{\376\377\000T\000h\000e\000\040\000F\000i\000d\000e\000l\000i\000t\000y\000\040\000U\000p\000g\000r\000a\000d\000e\000s}{chapter.3}% 59
\BOOKMARK [2][-]{subsection.3.7.1}{\376\377\000H\000e\000a\000r\000s\000a\000y\000:\000\040\000K\000S\000A\000R\000\040\000P\000r\000i\000o\000r\000i\000t\000y\000\040\000Q\000u\000e\000u\000e}{section.3.7}% 60
\BOOKMARK [2][-]{subsection.3.7.2}{\376\377\000S\000O\000A\000R\000:\000\040\000B\000o\000u\000n\000d\000e\000d\000\040\000S\000u\000b\000g\000o\000a\000l\000\040\000o\000n\000\040\000T\000i\000e\000\040\000I\000m\000p\000a\000s\000s\000e}{section.3.7}% 61
\BOOKMARK [2][-]{subsection.3.7.3}{\376\377\000C\000B\000R\000:\000\040\000F\000u\000l\000l\000\040\0004\000R\000\040\000C\000y\000c\000l\000e}{section.3.7}% 62
\BOOKMARK [2][-]{subsection.3.7.4}{\376\377\000P\000r\000o\000l\000o\000g\000:\000\040\000F\000l\000a\000t\000-\000T\000e\000r\000m\000\040\000R\000o\000b\000i\000n\000s\000o\000n\000\040\000U\000n\000i\000f\000i\000c\000a\000t\000i\000o\000n}{section.3.7}% 63
\BOOKMARK [1][-]{section.3.8}{\376\377\000S\000u\000m\000m\000a\000r\000y}{chapter.3}% 64
\BOOKMARK [0][-]{chapter.4}{\376\377\000F\000a\000l\000s\000i\000f\000i\000c\000a\000t\000i\000o\000n\000\040\000M\000e\000t\000h\000o\000d\000o\000l\000o\000g\000y\000\040\000a\000n\000d\000\040\000T\000e\000s\000t\000\040\000E\000v\000i\000d\000e\000n\000c\000e}{}% 65
\BOOKMARK [1][-]{section.4.1}{\376\377\000T\000h\000e\000\040\000F\000a\000l\000s\000i\000f\000i\000a\000b\000i\000l\000i\000t\000y\000\040\000H\000i\000e\000r\000a\000r\000c\000h\000y}{chapter.4}% 66
\BOOKMARK [2][-]{subsection.4.1.1}{\376\377\000R\000a\000n\000k\000\040\0000\000:\000\040\000C\000o\000m\000p\000i\000l\000a\000t\000i\000o\000n}{section.4.1}% 67
\BOOKMARK [2][-]{subsection.4.1.2}{\376\377\000R\000a\000n\000k\000\040\0001\000:\000\040\000M\000a\000t\000h\000e\000m\000a\000t\000i\000c\000a\000l\000\040\000T\000h\000e\000o\000r\000e\000m}{section.4.1}% 68
\BOOKMARK [2][-]{subsection.4.1.3}{\376\377\000R\000a\000n\000k\000\040\0002\000:\000\040\000D\000o\000m\000a\000i\000n\000\040\000C\000o\000n\000t\000r\000a\000c\000t}{section.4.1}% 69
\BOOKMARK [2][-]{subsection.4.1.4}{\376\377\000R\000a\000n\000k\000\040\0003\000:\000\040\000O\000p\000e\000r\000a\000t\000i\000o\000n\000a\000l\000\040\000I\000n\000v\000a\000r\000i\000a\000n\000t}{section.4.1}% 70
\BOOKMARK [2][-]{subsection.4.1.5}{\376\377\000R\000a\000n\000k\000\040\0004\000:\000\040\000U\000n\000f\000a\000k\000e\000a\000b\000l\000e\000\040\000O\000r\000a\000c\000l\000e}{section.4.1}% 71
\BOOKMARK [1][-]{section.4.2}{\376\377\000T\000h\000e\000\040\000U\000n\000f\000a\000k\000e\000a\000b\000l\000e\000\040\000O\000r\000a\000c\000l\000e\000\040\000C\000a\000t\000a\000l\000o\000g\000u\000e}{chapter.4}% 72
\BOOKMARK [2][-]{subsection.4.2.1}{\376\377\000M\000Y\000C\000I\000N\000\040\040\024\000\040\000C\000F\000\040\000S\000t\000r\000i\000c\000t\000\040\000B\000o\000u\000n\000d\000a\000r\000y\000\040\000\050\000R\000a\000n\000k\000\040\0004\000\051}{section.4.2}% 73
\BOOKMARK [2][-]{subsection.4.2.2}{\376\377\000P\000r\000o\000l\000o\000g\000\040\040\024\000\040\000G\000r\000a\000n\000d\000p\000a\000r\000e\000n\000t\000\040\000D\000e\000r\000i\000v\000a\000t\000i\000o\000n\000\040\000\050\000R\000a\000n\000k\000\040\0004\000\051}{section.4.2}% 74
\BOOKMARK [2][-]{subsection.4.2.3}{\376\377\000S\000T\000R\000I\000P\000S\000\040\040\024\000\040\000P\000l\000a\000n\000\040\000S\000o\000u\000n\000d\000n\000e\000s\000s\000\040\000S\000i\000m\000u\000l\000a\000t\000i\000o\000n\000\040\000\050\000R\000a\000n\000k\000\040\0004\000\051}{section.4.2}% 75
\BOOKMARK [2][-]{subsection.4.2.4}{\376\377\000C\000B\000R\000\040\040\024\000\040\000J\000a\000c\000c\000a\000r\000d\000\040\000I\000d\000e\000n\000t\000i\000t\000y\000\040\000\050\000R\000a\000n\000k\000\040\0004\000\051}{section.4.2}% 76
\BOOKMARK [2][-]{subsection.4.2.5}{\376\377\000H\000e\000a\000r\000s\000a\000y\000\040\040\024\000\040\000O\000p\000p\000o\000r\000t\000u\000n\000i\000s\000t\000i\000c\000\040\000O\000r\000d\000e\000r\000\040\000\050\000R\000a\000n\000k\000\040\0004\000\051}{section.4.2}% 77
\BOOKMARK [2][-]{subsection.4.2.6}{\376\377\000A\000u\000t\000o\000i\000n\000s\000t\000i\000n\000c\000t\000L\000e\000a\000r\000n\000i\000n\000g\000\040\040\024\000\040\000M\000o\000n\000o\000t\000o\000n\000e\000\040\000D\000i\000s\000t\000a\000n\000c\000e\000\040\000\050\000R\000a\000n\000k\000\040\0004\000\051}{section.4.2}% 78
\BOOKMARK [2][-]{subsection.4.2.7}{\376\377\000G\000P\000S\000\040\040\024\000\040\000D\000i\000f\000f\000e\000r\000e\000n\000c\000e\000\040\000C\000o\000v\000e\000r\000a\000g\000e\000\040\000\050\000R\000a\000n\000k\000\040\0003\000\051}{section.4.2}% 79
\BOOKMARK [2][-]{subsection.4.2.8}{\376\377\000D\000E\000N\000D\000R\000A\000L\000\040\040\024\000\040\000F\000o\000r\000b\000i\000d\000\040\000A\000b\000s\000o\000l\000u\000t\000e\000n\000e\000s\000s\000\040\000\050\000R\000a\000n\000k\000\040\0004\000\051}{section.4.2}% 80
\BOOKMARK [2][-]{subsection.4.2.9}{\376\377\000S\000O\000A\000R\000\040\040\024\000\040\000A\000n\000t\000i\000s\000y\000m\000m\000e\000t\000r\000y\000\040\000\050\000R\000a\000n\000k\000\040\0003\000\051}{section.4.2}% 81
\BOOKMARK [2][-]{subsection.4.2.10}{\376\377\000E\000L\000I\000Z\000A\000\040\040\024\000\040\000K\000e\000y\000s\000t\000a\000c\000k\000\040\000P\000r\000i\000o\000r\000i\000t\000y\000\040\000\050\000R\000a\000n\000k\000\040\0003\000\051}{section.4.2}% 82
\BOOKMARK [2][-]{subsection.4.2.11}{\376\377\000A\000u\000t\000o\000i\000n\000s\000t\000i\000n\000c\000t\000S\000e\000m\000a\000n\000t\000i\000c\000s\000\040\040\024\000\040\000A\000T\000R\000A\000N\000S\000/\000P\000T\000R\000A\000N\000S\000\040\000\050\000R\000a\000n\000k\000\040\0004\000\051}{section.4.2}% 83
\BOOKMARK [1][-]{section.4.3}{\376\377\000T\000h\000e\000\040\000O\000C\000E\000L\000\040\000N\000e\000g\000a\000t\000i\000v\000e\000\040\000B\000a\000t\000t\000e\000r\000y}{chapter.4}% 84
\BOOKMARK [1][-]{section.4.4}{\376\377\000D\000e\000t\000e\000r\000m\000i\000n\000i\000s\000m\000\040\000a\000s\000\040\000a\000\040\000M\000a\000t\000h\000e\000m\000a\000t\000i\000c\000a\000l\000\040\000P\000r\000o\000p\000e\000r\000t\000y}{chapter.4}% 85
\BOOKMARK [1][-]{section.4.5}{\376\377\000T\000h\000e\000\040\000T\000e\000s\000t\000\040\000C\000o\000r\000p\000u\000s\000\040\000S\000c\000a\000l\000e}{chapter.4}% 86
\BOOKMARK [2][-]{subsection.4.5.1}{\376\377\000R\000u\000s\000t\000\040\000T\000e\000s\000t\000\040\000F\000i\000l\000e\000\040\000B\000r\000e\000a\000k\000d\000o\000w\000n}{section.4.5}% 87
\BOOKMARK [2][-]{subsection.4.5.2}{\376\377\000T\000y\000p\000e\000S\000c\000r\000i\000p\000t\000\040\000T\000e\000s\000t\000\040\000B\000r\000e\000a\000k\000d\000o\000w\000n}{section.4.5}% 88
\BOOKMARK [2][-]{subsection.4.5.3}{\376\377\000O\000r\000a\000c\000l\000e\000\040\000R\000a\000n\000k\000\040\000D\000i\000s\000t\000r\000i\000b\000u\000t\000i\000o\000n}{section.4.5}% 89
\BOOKMARK [2][-]{subsection.4.5.4}{\376\377\000T\000i\000m\000i\000n\000g\000\040\000E\000v\000i\000d\000e\000n\000c\000e}{section.4.5}% 90
\BOOKMARK [1][-]{section.4.6}{\376\377\000S\000u\000m\000m\000a\000r\000y}{chapter.4}% 91
\BOOKMARK [0][-]{chapter.5}{\376\377\000F\000o\000r\000t\000u\000n\000e\000\040\0005\000\040\000D\000e\000p\000l\000o\000y\000m\000e\000n\000t\000\040\000P\000a\000t\000t\000e\000r\000n\000s\000\040\000a\000t\000\040\000M\000i\000c\000r\000o\000s\000e\000c\000o\000n\000d\000\040\000L\000a\000t\000e\000n\000c\000y}{}% 92
\BOOKMARK [1][-]{section.5.1}{\376\377\000T\000h\000e\000\040\000O\000p\000e\000r\000a\000t\000i\000o\000n\000a\000l\000\040\000E\000c\000o\000n\000o\000m\000i\000c\000s\000\040\000o\000f\000\040\000M\000i\000c\000r\000o\000s\000e\000c\000o\000n\000d\000\040\000R\000e\000a\000s\000o\000n\000i\000n\000g}{chapter.5}% 93
\BOOKMARK [1][-]{section.5.2}{\376\377\000P\000a\000t\000t\000e\000r\000n\000\040\0001\000:\000\040\000C\000l\000i\000n\000i\000c\000a\000l\000\040\000T\000r\000i\000a\000l\000\040\000A\000u\000d\000i\000t\000\040\000I\000n\000f\000r\000a\000s\000t\000r\000u\000c\000t\000u\000r\000e\000\040\000\050\000M\000Y\000C\000I\000N\000\040\000C\000l\000a\000s\000s\000\051}{chapter.5}% 94
\BOOKMARK [1][-]{section.5.3}{\376\377\000P\000a\000t\000t\000e\000r\000n\000\040\0002\000:\000\040\000S\000u\000p\000p\000l\000y\000\040\000C\000h\000a\000i\000n\000\040\000P\000l\000a\000n\000\040\000C\000e\000r\000t\000i\000f\000i\000c\000a\000t\000i\000o\000n\000\040\000\050\000S\000T\000R\000I\000P\000S\000\040\000C\000l\000a\000s\000s\000\051}{chapter.5}% 95
\BOOKMARK [1][-]{section.5.4}{\376\377\000P\000a\000t\000t\000e\000r\000n\000\040\0003\000:\000\040\000R\000e\000g\000u\000l\000a\000t\000o\000r\000y\000\040\000P\000r\000e\000f\000e\000r\000e\000n\000c\000e\000\040\000E\000n\000f\000o\000r\000c\000e\000m\000e\000n\000t\000\040\000\050\000S\000O\000A\000R\000\040\000C\000l\000a\000s\000s\000\051}{chapter.5}% 96
\BOOKMARK [1][-]{section.5.5}{\376\377\000P\000a\000t\000t\000e\000r\000n\000\040\0004\000:\000\040\000R\000\046\000D\000\040\000I\000n\000s\000t\000i\000t\000u\000t\000i\000o\000n\000a\000l\000\040\000M\000e\000m\000o\000r\000y\000\040\000\050\000C\000B\000R\000\040\000C\000l\000a\000s\000s\000\051}{chapter.5}% 97
\BOOKMARK [1][-]{section.5.6}{\376\377\000P\000a\000t\000t\000e\000r\000n\000\040\0005\000:\000\040\000C\000u\000s\000t\000o\000m\000e\000r\000\040\000S\000i\000g\000n\000a\000l\000\040\000F\000u\000s\000i\000o\000n\000\040\000\050\000H\000e\000a\000r\000s\000a\000y\000\040\000C\000l\000a\000s\000s\000\051}{chapter.5}% 98
\BOOKMARK [1][-]{section.5.7}{\376\377\000P\000a\000t\000t\000e\000r\000n\000\040\0006\000:\000\040\000Q\000u\000a\000l\000i\000t\000y\000\040\000D\000e\000f\000e\000c\000t\000\040\000H\000y\000p\000o\000t\000h\000e\000s\000i\000s\000\040\000\050\000D\000E\000N\000D\000R\000A\000L\000\040\000C\000l\000a\000s\000s\000\051}{chapter.5}% 99
\BOOKMARK [1][-]{section.5.8}{\376\377\000P\000a\000t\000t\000e\000r\000n\000\040\0007\000:\000\040\000C\000o\000n\000t\000r\000a\000c\000t\000\040\000I\000n\000t\000e\000l\000l\000i\000g\000e\000n\000c\000e\000\040\000\050\000P\000r\000o\000l\000o\000g\000\040\000C\000l\000a\000s\000s\000\051}{chapter.5}% 100
\BOOKMARK [1][-]{section.5.9}{\376\377\000P\000a\000t\000t\000e\000r\000n\000\040\0008\000:\000\040\000G\000o\000a\000l\000-\000D\000i\000r\000e\000c\000t\000e\000d\000\040\000P\000l\000a\000n\000n\000i\000n\000g\000\040\000U\000n\000d\000e\000r\000\040\000C\000o\000n\000s\000t\000r\000a\000i\000n\000t\000\040\000\050\000G\000P\000S\000\040\000C\000l\000a\000s\000s\000\051}{chapter.5}% 101
\BOOKMARK [1][-]{section.5.10}{\376\377\000T\000h\000e\000\040\000C\000o\000m\000p\000o\000s\000i\000t\000i\000o\000n\000\040\000P\000a\000t\000t\000e\000r\000n}{chapter.5}% 102
\BOOKMARK [1][-]{section.5.11}{\376\377\000S\000u\000m\000m\000a\000r\000y}{chapter.5}% 103
\BOOKMARK [0][-]{chapter.6}{\376\377\000B\000e\000y\000o\000n\000d\000\040\000t\000h\000e\000\040\000O\000r\000i\000g\000i\000n\000a\000l\000\040\000V\000i\000s\000i\000o\000n\000:\000\040\000C\000a\000p\000a\000b\000i\000l\000i\000t\000i\000e\000s\000\040\000t\000h\000e\000\040\000I\000n\000v\000e\000n\000t\000o\000r\000s\000\040\000C\000o\000u\000l\000d\000\040\000N\000o\000t\000\040\000H\000a\000v\000e\000\040\000I\000m\000a\000g\000i\000n\000e\000d}{}% 104
\BOOKMARK [1][-]{section.6.1}{\376\377\000T\000h\000e\000\040\000S\000u\000b\000s\000t\000r\000a\000t\000e\000\040\000W\000a\000s\000\040\000W\000r\000o\000n\000g\000\040\000b\000y\000\040\000S\000i\000x\000\040\000t\000o\000\040\000N\000i\000n\000e\000\040\000O\000r\000d\000e\000r\000s\000\040\000o\000f\000\040\000M\000a\000g\000n\000i\000t\000u\000d\000e}{chapter.6}% 105
\BOOKMARK [1][-]{section.6.2}{\376\377\000O\000p\000e\000r\000a\000t\000i\000o\000n\000a\000l\000\040\000F\000a\000l\000s\000i\000f\000i\000a\000b\000i\000l\000i\000t\000y\000\040\000a\000s\000\040\000a\000\040\000N\000e\000w\000\040\000D\000i\000s\000c\000i\000p\000l\000i\000n\000e}{chapter.6}% 106
\BOOKMARK [1][-]{section.6.3}{\376\377\000E\000n\000s\000e\000m\000b\000l\000e\000\040\000R\000e\000a\000s\000o\000n\000i\000n\000g\000\040\000a\000t\000\040\000O\000p\000e\000r\000a\000t\000i\000o\000n\000a\000l\000\040\000T\000e\000m\000p\000o}{chapter.6}% 107
\BOOKMARK [1][-]{section.6.4}{\376\377\000C\000o\000m\000p\000o\000s\000i\000t\000i\000o\000n\000\040\000W\000i\000t\000h\000o\000u\000t\000\040\000I\000n\000t\000e\000g\000r\000a\000t\000i\000o\000n\000\040\000W\000o\000r\000k}{chapter.6}% 108
\BOOKMARK [1][-]{section.6.5}{\376\377\000P\000r\000o\000c\000e\000s\000s\000\040\000M\000i\000n\000i\000n\000g\000\040\000O\000v\000e\000r\000\040\000R\000e\000a\000s\000o\000n\000i\000n\000g\000\040\000C\000h\000a\000i\000n\000s}{chapter.6}% 109
\BOOKMARK [1][-]{section.6.6}{\376\377\000C\000r\000y\000p\000t\000o\000g\000r\000a\000p\000h\000i\000c\000\040\000P\000r\000o\000v\000e\000n\000a\000n\000c\000e\000\040\000a\000s\000\040\000C\000i\000v\000i\000l\000\040\000I\000n\000f\000r\000a\000s\000t\000r\000u\000c\000t\000u\000r\000e}{chapter.6}% 110
\BOOKMARK [1][-]{section.6.7}{\376\377\000T\000h\000e\000\040\000S\000p\000e\000e\000d\000\040\000E\000n\000a\000b\000l\000e\000s\000\040\000R\000e\000a\000l\000-\000T\000i\000m\000e\000\040\000C\000o\000n\000f\000o\000r\000m\000a\000n\000c\000e\000\040\000C\000h\000e\000c\000k\000i\000n\000g}{chapter.6}% 111
\BOOKMARK [1][-]{section.6.8}{\376\377\000T\000h\000e\000\040\000U\000n\000f\000a\000k\000e\000a\000b\000l\000e\000\040\000T\000e\000s\000t\000\040\000S\000u\000i\000t\000e\000\040\000a\000s\000\040\000a\000\040\000N\000e\000w\000\040\000K\000i\000n\000d\000\040\000o\000f\000\040\000S\000p\000e\000c\000i\000f\000i\000c\000a\000t\000i\000o\000n}{chapter.6}% 112
\BOOKMARK [1][-]{section.6.9}{\376\377\000S\000u\000m\000m\000a\000r\000y\000:\000\040\000A\000\040\000N\000e\000w\000\040\000E\000p\000i\000s\000t\000e\000m\000i\000c\000\040\000C\000a\000t\000e\000g\000o\000r\000y}{chapter.6}% 113
\BOOKMARK [0][-]{chapter.7}{\376\377\000C\000o\000n\000c\000l\000u\000s\000i\000o\000n\000\040\000a\000n\000d\000\040\000F\000u\000t\000u\000r\000e\000\040\000W\000o\000r\000k}{}% 114
\BOOKMARK [1][-]{section.7.1}{\376\377\000S\000u\000m\000m\000a\000r\000y\000\040\000o\000f\000\040\000C\000o\000n\000t\000r\000i\000b\000u\000t\000i\000o\000n\000s}{chapter.7}% 115
\BOOKMARK [1][-]{section.7.2}{\376\377\000T\000h\000e\000\040\000C\000e\000n\000t\000r\000a\000l\000\040\000C\000l\000a\000i\000m\000\040\000R\000e\000s\000t\000a\000t\000e\000d}{chapter.7}% 116
\BOOKMARK [1][-]{section.7.3}{\376\377\000T\000h\000e\000\040\000C\000i\000v\000i\000l\000i\000z\000a\000t\000i\000o\000n\000-\000S\000c\000a\000l\000e\000\040\000C\000l\000a\000i\000m}{chapter.7}% 117
\BOOKMARK [1][-]{section.7.4}{\376\377\000F\000u\000t\000u\000r\000e\000\040\000W\000o\000r\000k}{chapter.7}% 118
\BOOKMARK [1][-]{section.7.5}{\376\377\000C\000l\000o\000s\000i\000n\000g}{chapter.7}% 119
\BOOKMARK [0][-]{appendix.A}{\376\377\000T\000e\000s\000t\000\040\000S\000u\000i\000t\000e\000\040\000E\000v\000i\000d\000e\000n\000c\000e}{}% 120
\BOOKMARK [1][-]{section.A.1}{\376\377\000C\000o\000m\000p\000l\000e\000t\000e\000\040\000T\000e\000s\000t\000\040\000F\000i\000l\000e\000\040\000I\000n\000v\000e\000n\000t\000o\000r\000y}{appendix.A}% 121
\BOOKMARK [1][-]{section.A.2}{\376\377\000T\000h\000e\000\040\0001\0003\000\040\000L\000i\000f\000e\000c\000y\000c\000l\000e\000\040\000M\000o\000d\000e\000l\000s}{appendix.A}% 122
\BOOKMARK [1][-]{section.A.3}{\376\377\000T\000h\000e\000\040\000P\000r\000o\000l\000o\000g\000\040\000G\000r\000a\000n\000d\000p\000a\000r\000e\000n\000t\000\040\000T\000e\000s\000t\000\040\000\050\000A\000n\000n\000o\000t\000a\000t\000e\000d\000\051}{appendix.A}% 123
\BOOKMARK [1][-]{section.A.4}{\376\377\000T\000h\000e\000\040\000O\000C\000E\000L\000\040\000C\000o\000n\000f\000o\000r\000m\000a\000n\000c\000e\000\040\000R\000e\000f\000u\000s\000a\000l\000\040\000M\000e\000c\000h\000a\000n\000i\000s\000m}{appendix.A}% 124
\BOOKMARK [1][-]{section.A.5}{\376\377\000D\000e\000t\000e\000r\000m\000i\000n\000i\000s\000m\000\040\000P\000r\000o\000p\000e\000r\000t\000i\000e\000s}{appendix.A}% 125
