\BOOKMARK [0][-]{chapter.1}{\376\377\000I\000m\000p\000o\000r\000t\000e\000d\000\040\000A\000x\000i\000o\000m\000s\000\040\000a\000n\000d\000\040\000P\000r\000i\000o\000r\000\040\000T\000h\000e\000o\000r\000e\000m\000s}{}% 1
\BOOKMARK [0][-]{chapter.2}{\376\377\000T\000h\000e\000\040\000U\000n\000v\000e\000r\000i\000f\000i\000a\000b\000i\000l\000i\000t\000y\000\040\000P\000r\000o\000b\000l\000e\000m\000:\000\040\000H\000i\000s\000t\000o\000r\000i\000c\000a\000l\000\040\000a\000n\000d\000\040\000M\000a\000t\000h\000e\000m\000a\000t\000i\000c\000a\000l}{}% 2
\BOOKMARK [1][-]{section.2.1}{\376\377\000T\000h\000e\000\040\000E\000p\000i\000s\000t\000e\000m\000o\000l\000o\000g\000i\000c\000a\000l\000\040\000G\000a\000p\000\040\000i\000n\000\040\000C\000l\000a\000s\000s\000i\000c\000a\000l\000\040\000A\000I}{chapter.2}% 3
\BOOKMARK [1][-]{section.2.2}{\376\377\000T\000h\000e\000\040\000w\000a\000s\000m\0004\000p\000m\000\040\000V\000a\000l\000i\000d\000a\000t\000i\000o\000n\000\040\000F\000r\000a\000m\000e\000w\000o\000r\000k}{chapter.2}% 4
\BOOKMARK [1][-]{section.2.3}{\376\377\000S\000u\000m\000m\000a\000r\000y}{chapter.2}% 5
\BOOKMARK [0][-]{chapter.3}{\376\377\000T\000h\000e\000\040\000B\000r\000e\000e\000d\000\040\000C\000a\000t\000e\000g\000o\000r\000y\000\040\000a\000n\000d\000\040\000F\000o\000r\000m\000a\000l\000\040\000S\000i\000g\000n\000a\000t\000u\000r\000e\000s}{}% 6
\BOOKMARK [1][-]{section.3.1}{\376\377\000B\000r\000e\000e\000d\000\040\000S\000i\000g\000n\000a\000t\000u\000r\000e\000s}{chapter.3}% 7
\BOOKMARK [1][-]{section.3.2}{\376\377\000T\000h\000e\000\040\000B\000r\000e\000e\000d\000\040\000C\000a\000t\000e\000g\000o\000r\000y\000\040\000B\000r\000e\000e\000d}{chapter.3}% 8
\BOOKMARK [1][-]{section.3.3}{\376\377\000T\000h\000e\000\040\000I\000m\000p\000l\000e\000m\000e\000n\000t\000a\000t\000i\000o\000n\000\040\000S\000p\000a\000c\000e}{chapter.3}% 9
\BOOKMARK [1][-]{section.3.4}{\376\377\000S\000u\000m\000m\000a\000r\000y}{chapter.3}% 10
\BOOKMARK [0][-]{chapter.4}{\376\377\000C\000o\000m\000p\000l\000e\000t\000e\000\040\000T\000e\000s\000t\000\040\000S\000u\000i\000t\000e\000s\000\040\000a\000n\000d\000\040\000t\000h\000e\000\040\000O\000r\000a\000c\000l\000e\000\040\000A\000d\000e\000q\000u\000a\000c\000y\000\040\000T\000h\000e\000o\000r\000e\000m}{}% 11
\BOOKMARK [1][-]{section.4.1}{\376\377\000T\000e\000s\000t\000\040\000C\000o\000m\000p\000l\000e\000t\000e\000n\000e\000s\000s}{chapter.4}% 12
\BOOKMARK [1][-]{section.4.2}{\376\377\000T\000h\000e\000\040\000O\000r\000a\000c\000l\000e\000\040\000A\000d\000e\000q\000u\000a\000c\000y\000\040\000T\000h\000e\000o\000r\000e\000m}{chapter.4}% 13
\BOOKMARK [1][-]{section.4.3}{\376\377\000T\000h\000e\000\040\000F\000a\000l\000s\000i\000f\000i\000a\000b\000i\000l\000i\000t\000y\000\040\000M\000e\000t\000r\000i\000c}{chapter.4}% 14
\BOOKMARK [1][-]{section.4.4}{\376\377\000S\000u\000m\000m\000a\000r\000y}{chapter.4}% 15
\BOOKMARK [0][-]{chapter.5}{\376\377\000O\000C\000E\000L\000\040\000C\000o\000n\000f\000o\000r\000m\000a\000n\000c\000e\000\040\000a\000s\000\040\000a\000\040\000M\000e\000a\000s\000u\000r\000e\000-\000T\000h\000e\000o\000r\000e\000t\000i\000c\000\040\000F\000r\000a\000m\000e\000w\000o\000r\000k}{}% 16
\BOOKMARK [1][-]{section.5.1}{\376\377\000T\000h\000e\000\040\000B\000r\000e\000e\000d\000\040\000L\000i\000f\000e\000c\000y\000c\000l\000e\000\040\000O\000b\000j\000e\000c\000t\000-\000C\000e\000n\000t\000r\000i\000c\000\040\000P\000e\000t\000r\000i\000\040\000N\000e\000t}{chapter.5}% 17
\BOOKMARK [1][-]{section.5.2}{\376\377\000T\000h\000e\000\040\000O\000C\000E\000L\000\040\000F\000i\000t\000n\000e\000s\000s\000\040\000M\000e\000a\000s\000u\000r\000e}{chapter.5}% 18
\BOOKMARK [1][-]{section.5.3}{\376\377\000T\000h\000e\000\040\000C\000o\000n\000f\000o\000r\000m\000a\000n\000c\000e\000\040\000C\000e\000r\000t\000i\000f\000i\000c\000a\000t\000e\000\040\000T\000h\000e\000o\000r\000e\000m}{chapter.5}% 19
\BOOKMARK [1][-]{section.5.4}{\376\377\000P\000r\000o\000c\000e\000s\000s\000\040\000M\000i\000n\000i\000n\000g\000\040\000O\000v\000e\000r\000\040\000t\000h\000e\000\040\000A\000c\000c\000u\000m\000u\000l\000a\000t\000e\000d\000\040\000C\000o\000r\000p\000u\000s}{chapter.5}% 20
\BOOKMARK [1][-]{section.5.5}{\376\377\000S\000u\000m\000m\000a\000r\000y}{chapter.5}% 21
\BOOKMARK [0][-]{chapter.6}{\376\377\000T\000h\000e\000\040\000E\000p\000i\000s\000t\000e\000m\000o\000l\000o\000g\000i\000c\000a\000l\000\040\000S\000p\000a\000c\000e\000:\000\040\000T\000h\000i\000r\000t\000e\000e\000n\000\040\000B\000r\000e\000e\000d\000s\000\040\000a\000s\000\040\000B\000a\000s\000i\000s\000\040\000V\000e\000c\000t\000o\000r\000s}{}% 22
\BOOKMARK [1][-]{section.6.1}{\376\377\000C\000o\000n\000s\000t\000r\000u\000c\000t\000i\000n\000g\000\040\000t\000h\000e\000\040\000E\000p\000i\000s\000t\000e\000m\000o\000l\000o\000g\000i\000c\000a\000l\000\040\000S\000p\000a\000c\000e}{chapter.6}% 23
\BOOKMARK [1][-]{section.6.2}{\376\377\000E\000p\000i\000s\000t\000e\000m\000i\000c\000\040\000I\000n\000d\000e\000p\000e\000n\000d\000e\000n\000c\000e}{chapter.6}% 24
\BOOKMARK [1][-]{section.6.3}{\376\377\000S\000u\000m\000m\000a\000r\000y}{chapter.6}% 25
\BOOKMARK [0][-]{chapter.7}{\376\377\000T\000h\000e\000\040\000B\000r\000e\000e\000d\000\040\000V\000a\000l\000i\000d\000a\000t\000i\000o\000n\000\040\000C\000e\000r\000t\000i\000f\000i\000c\000a\000t\000e}{}% 26
\BOOKMARK [1][-]{section.7.1}{\376\377\000T\000h\000e\000\040\000V\000a\000l\000i\000d\000a\000t\000i\000o\000n\000\040\000M\000e\000a\000s\000u\000r\000e}{chapter.7}% 27
\BOOKMARK [1][-]{section.7.2}{\376\377\000T\000h\000e\000\040\000B\000r\000e\000e\000d\000\040\000V\000a\000l\000i\000d\000a\000t\000i\000o\000n\000\040\000C\000e\000r\000t\000i\000f\000i\000c\000a\000t\000e}{chapter.7}% 28
\BOOKMARK [1][-]{section.7.3}{\376\377\000T\000h\000e\000o\000r\000e\000m\000\040\0006\000.\0001\000\040\040\024\000\040\000B\000V\000C\000\040\000f\000o\000r\000\040\000A\000l\000l\000\040\000T\000h\000i\000r\000t\000e\000e\000n\000\040\000B\000r\000e\000e\000d\000s}{chapter.7}% 29
\BOOKMARK [1][-]{section.7.4}{\376\377\000S\000u\000m\000m\000a\000r\000y}{chapter.7}% 30
\BOOKMARK [0][-]{chapter.8}{\376\377\000T\000h\000e\000\040\000F\000o\000u\000r\000t\000h\000\040\000C\000o\000n\000s\000t\000r\000a\000i\000n\000t\000:\000\040\000E\000x\000t\000e\000n\000d\000i\000n\000g\000\040\000t\000h\000e\000\040\000U\000n\000i\000v\000e\000r\000s\000a\000l\000\040\000C\000a\000u\000s\000a\000l\000\040\000E\000q\000u\000a\000t\000i\000o\000n}{}% 31
\BOOKMARK [1][-]{section.8.1}{\376\377\000R\000e\000c\000a\000p\000i\000t\000u\000l\000a\000t\000i\000o\000n\000\040\000o\000f\000\040\000t\000h\000e\000\040\000P\000r\000i\000o\000r\000\040\000S\000e\000r\000i\000e\000s}{chapter.8}% 32
\BOOKMARK [1][-]{section.8.2}{\376\377\000T\000h\000e\000\040\000M\000i\000s\000s\000i\000n\000g\000\040\000C\000o\000n\000s\000t\000r\000a\000i\000n\000t}{chapter.8}% 33
\BOOKMARK [1][-]{section.8.3}{\376\377\000T\000h\000e\000o\000r\000e\000m\000\040\0007\000.\0002\000\040\040\024\000\040\000T\000h\000e\000\040\000F\000o\000u\000r\000-\000C\000o\000n\000s\000t\000r\000a\000i\000n\000t\000\040\000U\000n\000i\000v\000e\000r\000s\000a\000l\000\040\000E\000q\000u\000a\000t\000i\000o\000n}{chapter.8}% 34
\BOOKMARK [1][-]{section.8.4}{\376\377\000O\000p\000e\000r\000a\000t\000i\000o\000n\000a\000l\000\040\000S\000e\000m\000a\000n\000t\000i\000c\000s\000\040\040\024\000\040\000B\000V\000C\000\040\000a\000s\000\040\000a\000\040\000S\000h\000e\000a\000f\000\040\000C\000o\000n\000d\000i\000t\000i\000o\000n}{chapter.8}% 35
\BOOKMARK [1][-]{section.8.5}{\376\377\000S\000u\000m\000m\000a\000r\000y}{chapter.8}% 36
\BOOKMARK [0][-]{chapter.9}{\376\377\000S\000p\000e\000e\000d\000-\000E\000n\000a\000b\000l\000e\000d\000\040\000P\000h\000a\000s\000e\000\040\000T\000r\000a\000n\000s\000i\000t\000i\000o\000n\000s\000\040\000i\000n\000\040\000R\000e\000a\000s\000o\000n\000i\000n\000g\000\040\000C\000a\000p\000a\000b\000i\000l\000i\000t\000y}{}% 37
\BOOKMARK [1][-]{section.9.1}{\376\377\000F\000o\000u\000r\000-\000R\000e\000g\000i\000m\000e\000\040\000L\000a\000t\000e\000n\000c\000y\000\040\000T\000a\000x\000o\000n\000o\000m\000y}{chapter.9}% 38
\BOOKMARK [1][-]{section.9.2}{\376\377\000T\000h\000e\000\040\000E\000n\000s\000e\000m\000b\000l\000e\000\040\000S\000i\000z\000e\000\040\000F\000u\000n\000c\000t\000i\000o\000n}{chapter.9}% 39
\BOOKMARK [1][-]{section.9.3}{\376\377\000T\000h\000e\000\040\000S\000p\000e\000e\000d\000\040\000P\000h\000a\000s\000e\000\040\000T\000r\000a\000n\000s\000i\000t\000i\000o\000n\000\040\000T\000h\000e\000o\000r\000e\000m}{chapter.9}% 40
\BOOKMARK [1][-]{section.9.4}{\376\377\000E\000n\000s\000e\000m\000b\000l\000e\000\040\000R\000e\000a\000s\000o\000n\000i\000n\000g\000\040\000a\000s\000\040\000a\000\040\000N\000e\000w\000\040\000E\000p\000i\000s\000t\000e\000m\000i\000c\000\040\000M\000o\000d\000e}{chapter.9}% 41
\BOOKMARK [1][-]{section.9.5}{\376\377\000S\000u\000m\000m\000a\000r\000y}{chapter.9}% 42
\BOOKMARK [0][-]{chapter.10}{\376\377\000T\000h\000e\000\040\000R\000e\000a\000s\000o\000n\000i\000n\000g\000\040\000R\000e\000c\000e\000i\000p\000t\000\040\000C\000h\000a\000i\000n\000\040\000a\000s\000\040\000E\000p\000i\000s\000t\000e\000m\000i\000c\000\040\000I\000n\000f\000r\000a\000s\000t\000r\000u\000c\000t\000u\000r\000e}{}% 43
\BOOKMARK [1][-]{section.10.1}{\376\377\000B\000L\000A\000K\000E\0003\000\040\000a\000s\000\040\000a\000\040\000C\000o\000m\000m\000i\000t\000m\000e\000n\000t\000\040\000S\000c\000h\000e\000m\000e}{chapter.10}% 44
\BOOKMARK [1][-]{section.10.2}{\376\377\000T\000h\000e\000\040\000R\000e\000a\000s\000o\000n\000i\000n\000g\000\040\000R\000e\000c\000e\000i\000p\000t\000\040\000F\000u\000n\000c\000t\000o\000r}{chapter.10}% 45
\BOOKMARK [1][-]{section.10.3}{\376\377\000S\000u\000m\000m\000a\000r\000y}{chapter.10}% 46
\BOOKMARK [0][-]{chapter.11}{\376\377\000F\000o\000r\000t\000u\000n\000e\000\040\0005\000\040\000A\000p\000p\000l\000i\000c\000a\000t\000i\000o\000n\000s\000:\000\040\000F\000o\000r\000m\000a\000l\000\040\000D\000e\000p\000l\000o\000y\000m\000e\000n\000t\000\040\000M\000a\000t\000h\000e\000m\000a\000t\000i\000c\000s}{}% 47
\BOOKMARK [1][-]{section.11.1}{\376\377\000M\000Y\000C\000I\000N\000\040\000a\000t\000\040\000C\000l\000i\000n\000i\000c\000a\000l\000-\000T\000r\000i\000a\000l\000\040\000S\000c\000a\000l\000e}{chapter.11}% 48
\BOOKMARK [2][-]{subsection.11.1.1}{\376\377\000C\000o\000n\000t\000e\000x\000t}{section.11.1}% 49
\BOOKMARK [2][-]{subsection.11.1.2}{\376\377\000L\000a\000t\000e\000n\000c\000y\000\040\000B\000a\000s\000i\000s}{section.11.1}% 50
\BOOKMARK [1][-]{section.11.2}{\376\377\000S\000T\000R\000I\000P\000S\000\040\000a\000t\000\040\000L\000o\000g\000i\000s\000t\000i\000c\000s\000\040\000T\000e\000m\000p\000o}{chapter.11}% 51
\BOOKMARK [2][-]{subsection.11.2.1}{\376\377\000C\000o\000n\000t\000e\000x\000t}{section.11.2}% 52
\BOOKMARK [1][-]{section.11.3}{\376\377\000S\000O\000A\000R\000\040\000f\000o\000r\000\040\000R\000e\000g\000u\000l\000a\000t\000o\000r\000y\000\040\000P\000r\000e\000f\000e\000r\000e\000n\000c\000e\000\040\000S\000a\000t\000i\000s\000f\000a\000c\000t\000i\000o\000n}{chapter.11}% 53
\BOOKMARK [2][-]{subsection.11.3.1}{\376\377\000C\000o\000n\000t\000e\000x\000t}{section.11.3}% 54
\BOOKMARK [1][-]{section.11.4}{\376\377\000P\000r\000o\000l\000o\000g\000\040\000f\000o\000r\000\040\000I\000n\000s\000t\000i\000t\000u\000t\000i\000o\000n\000a\000l\000\040\000L\000e\000g\000a\000l\000\040\000R\000e\000a\000s\000o\000n\000i\000n\000g}{chapter.11}% 55
\BOOKMARK [2][-]{subsection.11.4.1}{\376\377\000C\000o\000n\000t\000e\000x\000t}{section.11.4}% 56
\BOOKMARK [1][-]{section.11.5}{\376\377\000T\000h\000e\000\040\000F\000a\000c\000t\000o\000r\000y\000\040\000C\000o\000g\000n\000i\000t\000i\000v\000e\000\040\000A\000g\000e\000n\000t}{chapter.11}% 57
\BOOKMARK [2][-]{subsection.11.5.1}{\376\377\000O\000v\000e\000r\000v\000i\000e\000w}{section.11.5}% 58
\BOOKMARK [2][-]{subsection.11.5.2}{\376\377\000C\000h\000a\000i\000n\000\040\000S\000t\000r\000u\000c\000t\000u\000r\000e}{section.11.5}% 59
\BOOKMARK [2][-]{subsection.11.5.3}{\376\377\000B\000V\000C\000\040\000C\000o\000v\000e\000r\000a\000g\000e\000\040\000o\000f\000\040\000t\000h\000e\000\040\000F\000a\000c\000t\000o\000r\000y\000\040\000A\000g\000e\000n\000t}{section.11.5}% 60
\BOOKMARK [1][-]{section.11.6}{\376\377\000S\000u\000m\000m\000a\000r\000y}{chapter.11}% 61
\BOOKMARK [0][-]{chapter.12}{\376\377\000M\000a\000i\000n\000\040\000T\000h\000e\000o\000r\000e\000m\000s}{}% 62
\BOOKMARK [1][-]{section.12.1}{\376\377\000O\000v\000e\000r\000v\000i\000e\000w}{chapter.12}% 63
\BOOKMARK [1][-]{section.12.2}{\376\377\000T\000h\000e\000o\000r\000e\000m\000\040\0001\0001\000.\0001\000\040\040\024\000\040\000U\000n\000f\000a\000k\000e\000a\000b\000l\000e\000\040\000O\000r\000a\000c\000l\000e\000\040\000E\000x\000i\000s\000t\000e\000n\000c\000e}{chapter.12}% 64
\BOOKMARK [1][-]{section.12.3}{\376\377\000T\000h\000e\000o\000r\000e\000m\000\040\0001\0001\000.\0002\000\040\040\024\000\040\000O\000C\000E\000L\000\040\000S\000o\000u\000n\000d\000n\000e\000s\000s\000,\000\040\000C\000o\000m\000p\000l\000e\000t\000e\000n\000e\000s\000s\000,\000\040\000a\000n\000d\000\040\000F\000i\000t\000n\000e\000s\000s\000\040\000U\000n\000i\000v\000e\000r\000s\000a\000l\000i\000t\000y}{chapter.12}% 65
\BOOKMARK [1][-]{section.12.4}{\376\377\000T\000h\000e\000o\000r\000e\000m\000\040\0001\0001\000.\0003\000\040\040\024\000\040\000E\000p\000i\000s\000t\000e\000m\000i\000c\000\040\000I\000n\000d\000e\000p\000e\000n\000d\000e\000n\000c\000e}{chapter.12}% 66
\BOOKMARK [1][-]{section.12.5}{\376\377\000T\000h\000e\000o\000r\000e\000m\000\040\0001\0001\000.\0004\000\040\040\024\000\040\000B\000V\000C\000\040\000f\000o\000r\000\040\000A\000l\000l\000\040\0001\0003\000\040\000B\000r\000e\000e\000d\000s}{chapter.12}% 67
\BOOKMARK [1][-]{section.12.6}{\376\377\000T\000h\000e\000o\000r\000e\000m\000\040\0001\0001\000.\0005\000\040\040\024\000\040\000N\000e\000c\000e\000s\000s\000i\000t\000y\000\040\000o\000f\000\040\000t\000h\000e\000\040\000F\000o\000u\000r\000t\000h\000\040\000C\000o\000n\000s\000t\000r\000a\000i\000n\000t}{chapter.12}% 68
\BOOKMARK [1][-]{section.12.7}{\376\377\000T\000h\000e\000o\000r\000e\000m\000\040\0001\0001\000.\0006\000\040\040\024\000\040\000S\000p\000e\000e\000d\000\040\000P\000h\000a\000s\000e\000\040\000T\000r\000a\000n\000s\000i\000t\000i\000o\000n}{chapter.12}% 69
\BOOKMARK [1][-]{section.12.8}{\376\377\000T\000h\000e\000o\000r\000e\000m\000\040\0001\0001\000.\0007\000\040\040\024\000\040\000C\000i\000v\000i\000l\000i\000z\000a\000t\000i\000o\000n\000a\000l\000\040\000T\000r\000u\000s\000t\000\040\000P\000r\000o\000p\000e\000r\000t\000i\000e\000s}{chapter.12}% 70
\BOOKMARK [1][-]{section.12.9}{\376\377\000C\000o\000n\000s\000o\000l\000i\000d\000a\000t\000e\000d\000\040\000S\000t\000a\000t\000e\000m\000e\000n\000t}{chapter.12}% 71
\BOOKMARK [0][-]{chapter.13}{\376\377\000V\000e\000r\000i\000f\000i\000c\000a\000t\000i\000o\000n\000\040\000L\000a\000d\000d\000e\000r\000\040\000a\000n\000d\000\040\000F\000a\000l\000s\000i\000f\000i\000e\000r\000s}{}% 72
\BOOKMARK [1][-]{section.13.1}{\376\377\000V\000e\000r\000i\000f\000i\000c\000a\000t\000i\000o\000n\000\040\000L\000a\000d\000d\000e\000r}{chapter.13}% 73
\BOOKMARK [1][-]{section.13.2}{\376\377\000F\000a\000l\000s\000i\000f\000i\000e\000r\000s}{chapter.13}% 74
\BOOKMARK [1][-]{section.13.3}{\376\377\000R\000e\000l\000a\000t\000i\000o\000n\000s\000h\000i\000p\000\040\000B\000e\000t\000w\000e\000e\000n\000\040\000L\000a\000d\000d\000e\000r\000\040\000a\000n\000d\000\040\000F\000a\000l\000s\000i\000f\000i\000e\000r\000s}{chapter.13}% 75
\BOOKMARK [1][-]{section.13.4}{\376\377\000O\000p\000e\000n\000n\000e\000s\000s\000\040\000t\000o\000\040\000R\000e\000f\000u\000t\000a\000t\000i\000o\000n}{chapter.13}% 76
\BOOKMARK [0][-]{chapter.14}{\376\377\000C\000o\000n\000c\000l\000u\000s\000i\000o\000n\000:\000\040\000T\000h\000e\000\040\000A\000r\000c\000h\000i\000t\000e\000c\000t\000u\000r\000e\000\040\000o\000f\000\040\000R\000e\000a\000s\000o\000n}{}% 77
\BOOKMARK [1][-]{section.14.1}{\376\377\000S\000u\000m\000m\000a\000r\000y\000\040\000o\000f\000\040\000C\000o\000n\000t\000r\000i\000b\000u\000t\000i\000o\000n\000s}{chapter.14}% 78
\BOOKMARK [1][-]{section.14.2}{\376\377\000T\000h\000e\000\040\000P\000o\000p\000p\000e\000r\040\023\000v\000a\000n\000\040\000d\000e\000r\000\040\000A\000a\000l\000s\000t\000\040\000S\000y\000n\000t\000h\000e\000s\000i\000s}{chapter.14}% 79
\BOOKMARK [1][-]{section.14.3}{\376\377\000T\000h\000e\000\040\000P\000e\000r\000i\000o\000d\000i\000c\000\040\000T\000a\000b\000l\000e\000\040\000o\000f\000\040\000R\000e\000a\000s\000o\000n}{chapter.14}% 80
\BOOKMARK [1][-]{section.14.4}{\376\377\000I\000m\000p\000l\000e\000m\000e\000n\000t\000a\000t\000i\000o\000n\000\040\000C\000o\000m\000p\000l\000e\000t\000e\000n\000e\000s\000s\000\040\000S\000t\000a\000t\000e\000m\000e\000n\000t}{chapter.14}% 81
\BOOKMARK [1][-]{section.14.5}{\376\377\000T\000h\000e\000\040\000C\000o\000m\000p\000l\000e\000t\000e\000\040\000E\000q\000u\000a\000t\000i\000o\000n}{chapter.14}% 82
\BOOKMARK [0][-]{chapter*.38}{\376\377\000P\000r\000o\000o\000f\000-\000P\000a\000c\000k\000:\000\040\000I\000n\000d\000e\000p\000e\000n\000d\000e\000n\000t\000\040\000R\000e\000p\000l\000a\000y\000\040\000a\000n\000d\000\040\000V\000e\000r\000i\000f\000i\000c\000a\000t\000i\000o\000n}{}% 83
\BOOKMARK [1][-]{section*.39}{\376\377\000A\000\040\040\024\000\040\000R\000e\000p\000o\000s\000i\000t\000o\000r\000y\000\040\000a\000n\000d\000\040\000C\000o\000m\000m\000i\000t\000\040\000I\000d\000e\000n\000t\000i\000t\000y}{chapter*.38}% 84
\BOOKMARK [1][-]{section*.40}{\376\377\000B\000\040\040\024\000\040\000C\000e\000r\000t\000i\000f\000i\000e\000d\000\040\000B\000r\000e\000e\000d\000\040\000R\000e\000g\000i\000s\000t\000r\000y\000\040\000S\000n\000a\000p\000s\000h\000o\000t}{chapter*.38}% 85
\BOOKMARK [1][-]{section*.41}{\376\377\000C\000\040\040\024\000\040\000T\000e\000s\000t\000\040\000C\000o\000r\000p\000u\000s\000\040\000S\000u\000m\000m\000a\000r\000y}{chapter*.38}% 86
\BOOKMARK [1][-]{section*.42}{\376\377\000D\000\040\040\024\000\040\000P\000r\000o\000p\000e\000r\000t\000y\000\040\000G\000e\000n\000e\000r\000a\000t\000o\000r\000\040\000S\000u\000m\000m\000a\000r\000y}{chapter*.38}% 87
\BOOKMARK [1][-]{section*.43}{\376\377\000E\000\040\040\024\000\040\000N\000e\000g\000a\000t\000i\000v\000e\000\040\000/\000\040\000R\000e\000f\000u\000s\000a\000l\000\040\000C\000o\000r\000p\000u\000s}{chapter*.38}% 88
\BOOKMARK [1][-]{section*.44}{\376\377\000F\000\040\040\024\000\040\000O\000C\000E\000L\000\040\000C\000o\000r\000p\000u\000s\000\040\000a\000n\000d\000\040\000R\000e\000p\000l\000a\000y\000\040\000C\000o\000m\000m\000a\000n\000d\000s}{chapter*.38}% 89
\BOOKMARK [1][-]{section*.45}{\376\377\000G\000\040\040\024\000\040\000R\000e\000c\000e\000i\000p\000t\000\040\000S\000c\000h\000e\000m\000a\000\040\000a\000n\000d\000\040\000S\000a\000m\000p\000l\000e\000\040\000R\000e\000c\000e\000i\000p\000t\000s}{chapter*.38}% 90
\BOOKMARK [1][-]{section*.46}{\376\377\000H\000\040\040\024\000\040\000S\000i\000g\000n\000a\000t\000u\000r\000e\000\040\000V\000e\000r\000i\000f\000i\000c\000a\000t\000i\000o\000n\000\040\000T\000r\000a\000n\000s\000c\000r\000i\000p\000t}{chapter*.38}% 91
\BOOKMARK [1][-]{section*.47}{\376\377\000I\000\040\040\024\000\040\000D\000e\000t\000e\000r\000m\000i\000n\000i\000s\000m\000\040\000D\000o\000u\000b\000l\000e\000-\000R\000u\000n\000\040\000T\000r\000a\000n\000s\000c\000r\000i\000p\000t}{chapter*.38}% 92
\BOOKMARK [1][-]{section*.48}{\376\377\000J\000\040\040\024\000\040\000B\000e\000n\000c\000h\000m\000a\000r\000k\000\040\000R\000e\000p\000o\000r\000t}{chapter*.38}% 93
\BOOKMARK [1][-]{section*.49}{\376\377\000K\000\040\040\024\000\040\000I\000n\000d\000e\000p\000e\000n\000d\000e\000n\000t\000\040\000R\000e\000p\000l\000a\000y\000\040\000I\000n\000s\000t\000r\000u\000c\000t\000i\000o\000n\000s}{chapter*.38}% 94
\BOOKMARK [1][-]{section*.50}{\376\377\000L\000\040\040\024\000\040\000F\000a\000l\000s\000i\000f\000i\000e\000r\000\040\000C\000o\000n\000d\000i\000t\000i\000o\000n\000s}{chapter*.38}% 95
