\BOOKMARK [1][-]{section.1}{\376\377\000I\000n\000t\000r\000o\000d\000u\000c\000t\000i\000o\000n}{}% 1
\BOOKMARK [2][-]{subsection.1.1}{\376\377\000G\000o\000a\000l\000s}{section.1}% 2
\BOOKMARK [2][-]{subsection.1.2}{\376\377\000F\000o\000u\000r\000-\000T\000i\000e\000r\000\040\000T\000e\000s\000t\000\040\000A\000r\000c\000h\000i\000t\000e\000c\000t\000u\000r\000e}{section.1}% 3
\BOOKMARK [2][-]{subsection.1.3}{\376\377\000C\000r\000i\000t\000e\000r\000i\000o\000n\000.\000r\000s\000\040\000M\000e\000t\000h\000o\000d\000o\000l\000o\000g\000y}{section.1}% 4
\BOOKMARK [1][-]{section.2}{\376\377\000S\000h\000a\000r\000e\000d\000\040\000D\000a\000t\000a\000\040\000G\000e\000n\000e\000r\000a\000t\000i\000o\000n\000\040\000P\000i\000p\000e\000l\000i\000n\000e}{}% 5
\BOOKMARK [2][-]{subsection.2.1}{\376\377\000L\000C\000G\000\040\000R\000a\000n\000d\000o\000m\000\040\000N\000u\000m\000b\000e\000r\000\040\000G\000e\000n\000e\000r\000a\000t\000o\000r}{section.2}% 6
\BOOKMARK [2][-]{subsection.2.2}{\376\377\000L\000o\000g\000S\000h\000a\000p\000e\000\040\000P\000a\000r\000a\000m\000e\000t\000e\000r\000s}{section.2}% 7
\BOOKMARK [2][-]{subsection.2.3}{\376\377\000S\000t\000a\000t\000e\000\040\000S\000t\000o\000r\000a\000g\000e}{section.2}% 8
\BOOKMARK [1][-]{section.3}{\376\377\000C\000l\000o\000s\000e\000d\000\040\000C\000l\000a\000w\000:\000\040\000S\000i\000x\000-\000P\000i\000p\000e\000l\000i\000n\000e\000\040\000C\000o\000n\000s\000t\000i\000t\000u\000t\000i\000o\000n\000a\000l\000\040\000S\000u\000i\000t\000e}{}% 9
\BOOKMARK [2][-]{subsection.3.1}{\376\377\000S\000i\000x\000\040\000P\000i\000p\000e\000l\000i\000n\000e\000\040\000C\000l\000a\000s\000s\000e\000s}{section.3}% 10
\BOOKMARK [2][-]{subsection.3.2}{\376\377\000F\000i\000v\000e\000\040\000Q\000u\000a\000l\000i\000t\000y\000\040\000G\000a\000t\000e\000s}{section.3}% 11
\BOOKMARK [2][-]{subsection.3.3}{\376\377\000G\000a\000t\000e\000-\000t\000o\000-\000P\000i\000p\000e\000l\000i\000n\000e\000\040\000A\000s\000s\000i\000g\000n\000m\000e\000n\000t}{section.3}% 12
\BOOKMARK [2][-]{subsection.3.4}{\376\377\000B\000L\000A\000K\000E\0003\000\040\000R\000e\000c\000e\000i\000p\000t\000\040\000S\000y\000s\000t\000e\000m}{section.3}% 13
\BOOKMARK [2][-]{subsection.3.5}{\376\377\000C\000r\000i\000t\000e\000r\000i\000o\000n\000\040\000C\000o\000n\000f\000i\000g\000u\000r\000a\000t\000i\000o\000n}{section.3}% 14
\BOOKMARK [1][-]{section.4}{\376\377\000T\000i\000e\000r\000\040\0001\000\040\000D\000i\000s\000c\000o\000v\000e\000r\000y\000\040\000A\000l\000g\000o\000r\000i\000t\000h\000m\000s}{}% 15
\BOOKMARK [2][-]{subsection.4.1}{\376\377\000C\000o\000l\000u\000m\000n\000a\000r\000\040\000C\000a\000c\000h\000e\000\040\000A\000r\000c\000h\000i\000t\000e\000c\000t\000u\000r\000e}{section.4}% 16
\BOOKMARK [2][-]{subsection.4.2}{\376\377\000D\000F\000G\000:\000\040\000O\000\050\000n\000\051\000\040\000S\000i\000n\000g\000l\000e\000-\000P\000a\000s\000s\000\040\000D\000i\000s\000c\000o\000v\000e\000r\000y}{section.4}% 17
\BOOKMARK [2][-]{subsection.4.3}{\376\377\000H\000e\000u\000r\000i\000s\000t\000i\000c\000\040\000M\000i\000n\000e\000r\000\040\000D\000e\000p\000e\000n\000d\000e\000n\000c\000y\000\040\000M\000e\000a\000s\000u\000r\000e}{section.4}% 18
\BOOKMARK [2][-]{subsection.4.4}{\376\377\000P\000r\000o\000c\000e\000s\000s\000\040\000S\000k\000e\000l\000e\000t\000o\000n}{section.4}% 19
\BOOKMARK [2][-]{subsection.4.5}{\376\377\000B\000e\000n\000c\000h\000m\000a\000r\000k\000\040\000S\000i\000z\000e\000\040\000T\000a\000b\000l\000e}{section.4}% 20
\BOOKMARK [2][-]{subsection.4.6}{\376\377\000I\000n\000d\000u\000c\000t\000i\000v\000e\000\040\000M\000i\000n\000e\000r}{section.4}% 21
\BOOKMARK [1][-]{section.5}{\376\377\000T\000i\000e\000r\000\040\0002\000\040\000M\000e\000t\000a\000h\000e\000u\000r\000i\000s\000t\000i\000c\000\040\000D\000i\000s\000c\000o\000v\000e\000r\000y}{}% 22
\BOOKMARK [2][-]{subsection.5.1}{\376\377\000A\000l\000g\000o\000r\000i\000t\000h\000m\000s}{section.5}% 23
\BOOKMARK [2][-]{subsection.5.2}{\376\377\000D\000a\000t\000a\000\040\000F\000l\000o\000w}{section.5}% 24
\BOOKMARK [1][-]{section.6}{\376\377\000C\000o\000n\000f\000o\000r\000m\000a\000n\000c\000e\000\040\000C\000h\000e\000c\000k\000i\000n\000g}{}% 25
\BOOKMARK [2][-]{subsection.6.1}{\376\377\000T\000o\000k\000e\000n\000\040\000R\000e\000p\000l\000a\000y}{section.6}% 26
\BOOKMARK [2][-]{subsection.6.2}{\376\377\000u\0006\0004\000\040\000B\000i\000t\000m\000a\000s\000k\000\040\000F\000a\000s\000t\000\040\000P\000a\000t\000h}{section.6}% 27
\BOOKMARK [2][-]{subsection.6.3}{\376\377\000S\000I\000M\000D\000\040\000T\000o\000k\000e\000n\000\040\000R\000e\000p\000l\000a\000y}{section.6}% 28
\BOOKMARK [2][-]{subsection.6.4}{\376\377\000E\000T\000C\000o\000n\000f\000o\000r\000m\000a\000n\000c\000e\000\040\000P\000r\000e\000c\000i\000s\000i\000o\000n}{section.6}% 29
\BOOKMARK [2][-]{subsection.6.5}{\376\377\000T\000e\000m\000p\000o\000r\000a\000l\000\040\000P\000r\000o\000f\000i\000l\000e}{section.6}% 30
\BOOKMARK [1][-]{section.7}{\376\377\000P\000r\000e\000d\000i\000c\000t\000i\000o\000n\000\040\000S\000u\000b\000s\000y\000s\000t\000e\000m}{}% 31
\BOOKMARK [2][-]{subsection.7.1}{\376\377\000S\000i\000x\000\040\000P\000e\000r\000s\000p\000e\000c\000t\000i\000v\000e\000s}{section.7}% 32
\BOOKMARK [2][-]{subsection.7.2}{\376\377\000L\000a\000t\000e\000n\000c\000y\000\040\000B\000a\000s\000e\000l\000i\000n\000e\000s}{section.7}% 33
\BOOKMARK [2][-]{subsection.7.3}{\376\377\000Q\000u\000a\000l\000i\000t\000y\000\040\000F\000l\000o\000o\000r\000s}{section.7}% 34
\BOOKMARK [1][-]{section.8}{\376\377\000A\000n\000a\000l\000y\000t\000i\000c\000s\000\040\000F\000u\000n\000c\000t\000i\000o\000n\000s}{}% 35
\BOOKMARK [2][-]{subsection.8.1}{\376\377\000F\000u\000n\000c\000t\000i\000o\000n\000\040\000C\000a\000t\000a\000l\000o\000g\000u\000e}{section.8}% 36
\BOOKMARK [2][-]{subsection.8.2}{\376\377\000B\000e\000n\000c\000h\000m\000a\000r\000k\000\040\000C\000o\000n\000f\000i\000g\000u\000r\000a\000t\000i\000o\000n}{section.8}% 37
\BOOKMARK [1][-]{section.9}{\376\377\000H\000o\000t\000\040\000K\000e\000r\000n\000e\000l\000s}{}% 38
\BOOKMARK [2][-]{subsection.9.1}{\376\377\000i\000n\000g\000r\000e\000s\000s\000\137\000d\000e\000c\000i\000d\000e\000\137\0004}{section.9}% 39
\BOOKMARK [2][-]{subsection.9.2}{\376\377\000H\000o\000t\000S\000t\000a\000t\000e\000\040\000B\000r\000a\000n\000c\000h\000l\000e\000s\000s\000\040\000T\000r\000a\000n\000s\000i\000t\000i\000o\000n\000s}{section.9}% 40
\BOOKMARK [1][-]{section.10}{\376\377\000S\000t\000r\000e\000a\000m\000i\000n\000g\000\040\000A\000l\000g\000o\000r\000i\000t\000h\000m\000s}{}% 41
\BOOKMARK [2][-]{subsection.10.1}{\376\377\000S\000I\000M\000D\000\040\000S\000t\000r\000e\000a\000m\000i\000n\000g\000\040\000D\000F\000G}{section.10}% 42
\BOOKMARK [2][-]{subsection.10.2}{\376\377\000S\000t\000r\000e\000a\000m\000i\000n\000g\000\040\000H\000e\000u\000r\000i\000s\000t\000i\000c}{section.10}% 43
\BOOKMARK [2][-]{subsection.10.3}{\376\377\000D\000r\000i\000f\000t\000\040\000D\000e\000t\000e\000c\000t\000i\000o\000n}{section.10}% 44
\BOOKMARK [1][-]{section.11}{\376\377\000B\000e\000n\000c\000h\000m\000a\000r\000k\000\040\000S\000i\000z\000e\000\040\000T\000a\000x\000o\000n\000o\000m\000y}{}% 45
\BOOKMARK [2][-]{subsection.11.1}{\376\377\000S\000i\000z\000i\000n\000g\000\040\000R\000a\000t\000i\000o\000n\000a\000l\000e}{section.11}% 46
\BOOKMARK [1][-]{section.12}{\376\377\000Q\000u\000a\000l\000i\000t\000y\000\040\000G\000a\000t\000e\000s\000:\000\040\000F\000o\000r\000m\000a\000l\000\040\000D\000e\000f\000i\000n\000i\000t\000i\000o\000n\000s}{}% 47
\BOOKMARK [2][-]{subsection.12.1}{\376\377\000G\0001\000:\000\040\000D\000e\000t\000e\000r\000m\000i\000n\000i\000s\000m\000\040\000G\000a\000t\000e}{section.12}% 48
\BOOKMARK [2][-]{subsection.12.2}{\376\377\000G\0002\000:\000\040\000R\000e\000c\000e\000i\000p\000t\000\040\000I\000n\000t\000e\000g\000r\000i\000t\000y\000\040\000G\000a\000t\000e}{section.12}% 49
\BOOKMARK [2][-]{subsection.12.3}{\376\377\000G\0003\000:\000\040\000T\000r\000u\000t\000h\000\040\000G\000a\000t\000e}{section.12}% 50
\BOOKMARK [2][-]{subsection.12.4}{\376\377\000G\0004\000:\000\040\000S\000y\000n\000c\000h\000r\000o\000n\000y\000\040\000G\000a\000t\000e}{section.12}% 51
\BOOKMARK [2][-]{subsection.12.5}{\376\377\000G\0005\000:\000\040\000R\000e\000p\000o\000r\000t\000\040\000C\000o\000m\000p\000l\000e\000t\000e\000n\000e\000s\000s\000\040\000G\000a\000t\000e}{section.12}% 52
\BOOKMARK [1][-]{section.13}{\376\377\000R\000u\000n\000n\000i\000n\000g\000\040\000t\000h\000e\000\040\000B\000e\000n\000c\000h\000m\000a\000r\000k\000s}{}% 53
\BOOKMARK [2][-]{subsection.13.1}{\376\377\000P\000r\000e\000r\000e\000q\000u\000i\000s\000i\000t\000e\000s}{section.13}% 54
\BOOKMARK [2][-]{subsection.13.2}{\376\377\000C\000o\000m\000m\000a\000n\000d\000s}{section.13}% 55
\BOOKMARK [2][-]{subsection.13.3}{\376\377\000O\000u\000t\000p\000u\000t}{section.13}% 56
\BOOKMARK [1][-]{section.14}{\376\377\000C\000o\000n\000c\000l\000u\000s\000i\000o\000n}{}% 57
\BOOKMARK [1][-]{appendix.A}{\376\377\000F\000e\000a\000t\000u\000r\000e\000\040\000F\000l\000a\000g\000\040\000R\000e\000f\000e\000r\000e\000n\000c\000e}{}% 58
\BOOKMARK [1][-]{appendix.B}{\376\377\000A\000c\000t\000i\000v\000i\000t\000y\000\040\000V\000o\000c\000a\000b\000u\000l\000a\000r\000y}{}% 59
