\BOOKMARK [1][-]{section.1}{\376\377\000I\000n\000t\000r\000o\000d\000u\000c\000t\000i\000o\000n}{}% 1
\BOOKMARK [2][-]{subsection.1.1}{\376\377\000S\000c\000o\000p\000e\000\040\000o\000f\000\040\000T\000h\000i\000s\000\040\000R\000e\000p\000o\000r\000t}{section.1}% 2
\BOOKMARK [1][-]{section.2}{\376\377\000T\000h\000e\000\040\000N\000a\000m\000i\000n\000g\000\040\000C\000o\000r\000r\000e\000c\000t\000i\000o\000n\000:\000\040\000w\000m\000i\000n\000m\000l\000\040\000W\000a\000s\000\040\000W\000r\000o\000n\000g}{}% 3
\BOOKMARK [1][-]{section.3}{\376\377\000C\000a\000r\000g\000o\000\040\000W\000i\000r\000i\000n\000g\000\040\000A\000r\000c\000h\000i\000t\000e\000c\000t\000u\000r\000e}{}% 4
\BOOKMARK [2][-]{subsection.3.1}{\376\377\000W\000o\000r\000k\000s\000p\000a\000c\000e\000\040\000M\000e\000m\000b\000e\000r\000s\000h\000i\000p}{section.3}% 5
\BOOKMARK [2][-]{subsection.3.2}{\376\377\000O\000p\000t\000i\000o\000n\000a\000l\000\040\000D\000e\000p\000e\000n\000d\000e\000n\000c\000y\000\040\000C\000o\000n\000s\000t\000r\000a\000i\000n\000t}{section.3}% 6
\BOOKMARK [2][-]{subsection.3.3}{\376\377\000F\000e\000a\000t\000u\000r\000e\000\040\000F\000l\000a\000g\000\040\000H\000i\000e\000r\000a\000r\000c\000h\000y}{section.3}% 7
\BOOKMARK [2][-]{subsection.3.4}{\376\377\000P\000r\000o\000f\000i\000l\000e\000\040\000A\000s\000s\000i\000g\000n\000m\000e\000n\000t}{section.3}% 8
\BOOKMARK [2][-]{subsection.3.5}{\376\377\000W\000A\000S\000M\000\040\000C\000o\000m\000p\000a\000t\000i\000b\000i\000l\000i\000t\000y}{section.3}% 9
\BOOKMARK [1][-]{section.4}{\376\377\000m\000i\000n\000i\000m\000l\000\040\000A\000r\000c\000h\000i\000t\000e\000c\000t\000u\000r\000e\000:\000\040\000F\000l\000a\000t\000\040\000R\000e\000-\000E\000x\000p\000o\000r\000t\000s}{}% 10
\BOOKMARK [1][-]{section.5}{\376\377\000W\000A\000S\000M\000\040\000S\000e\000r\000i\000a\000l\000i\000z\000a\000t\000i\000o\000n\000\040\000D\000i\000s\000c\000i\000p\000l\000i\000n\000e}{}% 11
\BOOKMARK [1][-]{section.6}{\376\377\000U\000p\000g\000r\000a\000d\000e\000\040\0001\000:\000\040\000R\000a\000n\000d\000o\000m\000\040\000F\000o\000r\000e\000s\000t\000\040\000N\000e\000x\000t\000-\000A\000c\000t\000i\000v\000i\000t\000y\000\040\000P\000r\000e\000d\000i\000c\000t\000i\000o\000n}{}% 12
\BOOKMARK [2][-]{subsection.6.1}{\376\377\000M\000o\000t\000i\000v\000a\000t\000i\000o\000n}{section.6}% 13
\BOOKMARK [2][-]{subsection.6.2}{\376\377\000F\000e\000a\000t\000u\000r\000e\000\040\000S\000c\000h\000e\000m\000a}{section.6}% 14
\BOOKMARK [2][-]{subsection.6.3}{\376\377\000C\000o\000l\000u\000m\000n\000a\000r\000L\000o\000g\000\040\000a\000s\000\040\000L\000a\000b\000e\000l\000E\000n\000c\000o\000d\000e\000r}{section.6}% 15
\BOOKMARK [2][-]{subsection.6.4}{\376\377\000M\000o\000d\000e\000l\000\040\000S\000t\000o\000r\000a\000g\000e\000\040\000a\000n\000d\000\040\000R\000e\000c\000o\000n\000s\000t\000r\000u\000c\000t\000i\000o\000n}{section.6}% 16
\BOOKMARK [2][-]{subsection.6.5}{\376\377\000U\000n\000i\000f\000i\000e\000d\000\040\000D\000i\000s\000p\000a\000t\000c\000h}{section.6}% 17
\BOOKMARK [1][-]{section.7}{\376\377\000U\000p\000g\000r\000a\000d\000e\000\040\0002\000:\000\040\000S\000t\000a\000t\000i\000s\000t\000i\000c\000a\000l\000\040\000C\000o\000h\000o\000r\000t\000\040\000A\000n\000a\000l\000y\000s\000i\000s}{}% 18
\BOOKMARK [2][-]{subsection.7.1}{\376\377\000D\000u\000r\000a\000t\000i\000o\000n\000\040\000U\000t\000i\000l\000i\000t\000y\000\040\000F\000o\000u\000n\000d\000a\000t\000i\000o\000n}{section.7}% 19
\BOOKMARK [2][-]{subsection.7.2}{\376\377\000W\000e\000l\000c\000h\000'\000s\000\040\000t\000-\000T\000e\000s\000t}{section.7}% 20
\BOOKMARK [2][-]{subsection.7.3}{\376\377\000O\000n\000e\000-\000W\000a\000y\000\040\000A\000N\000O\000V\000A}{section.7}% 21
\BOOKMARK [1][-]{section.8}{\376\377\000U\000p\000g\000r\000a\000d\000e\000\040\0003\000:\000\040\000P\000r\000o\000c\000e\000s\000s\000\040\000S\000u\000r\000v\000i\000v\000a\000l\000\040\000A\000n\000a\000l\000y\000s\000i\000s}{}% 22
\BOOKMARK [2][-]{subsection.8.1}{\376\377\000K\000a\000p\000l\000a\000n\040\023\000M\000e\000i\000e\000r\000\040\000E\000s\000t\000i\000m\000a\000t\000o\000r}{section.8}% 23
\BOOKMARK [2][-]{subsection.8.2}{\376\377\000C\000o\000x\000\040\000P\000r\000o\000p\000o\000r\000t\000i\000o\000n\000a\000l\000\040\000H\000a\000z\000a\000r\000d\000s}{section.8}% 24
\BOOKMARK [1][-]{section.9}{\376\377\000U\000p\000g\000r\000a\000d\000e\000\040\0004\000:\000\040\000O\000C\000E\000L\000\040\000D\000a\000t\000a\000\040\000P\000i\000p\000e\000l\000i\000n\000e}{}% 25
\BOOKMARK [2][-]{subsection.9.1}{\376\377\000O\000\050\000n\000\051\000\040\000T\000y\000p\000e\000\040\000S\000t\000a\000t\000i\000s\000t\000i\000c\000s\000\040\000F\000i\000x}{section.9}% 26
\BOOKMARK [2][-]{subsection.9.2}{\376\377\000D\000a\000t\000a\000F\000r\000a\000m\000e\000\040\000B\000r\000i\000d\000g\000e}{section.9}% 27
\BOOKMARK [2][-]{subsection.9.3}{\376\377\000E\000v\000e\000n\000t\000\040\000S\000i\000m\000i\000l\000a\000r\000i\000t\000y\000\040\000v\000i\000a\000\040\000I\000n\000l\000i\000n\000e\000d\000\040\000D\000i\000s\000t\000a\000n\000c\000e}{section.9}% 28
\BOOKMARK [1][-]{section.10}{\376\377\000U\000p\000g\000r\000a\000d\000e\000\040\0005\000:\000\040\000I\000n\000t\000e\000l\000l\000i\000g\000e\000n\000t\000\040\000A\000l\000g\000o\000r\000i\000t\000h\000m\000\040\000S\000e\000l\000e\000c\000t\000i\000o\000n\000\040\000v\000i\000a\000\040\000U\000C\000B\0001\000\040\000B\000a\000n\000d\000i\000t\000s}{}% 29
\BOOKMARK [2][-]{subsection.10.1}{\376\377\000T\000h\000e\000\040\000K\000e\000y\000\040\000D\000i\000s\000c\000o\000v\000e\000r\000y}{section.10}% 30
\BOOKMARK [2][-]{subsection.10.2}{\376\377\000F\000A\000L\000L\000B\000A\000C\000K\000\137\000B\000A\000N\000D\000I\000T\000\040\000T\000h\000r\000e\000a\000d\000-\000L\000o\000c\000a\000l}{section.10}% 31
\BOOKMARK [2][-]{subsection.10.3}{\376\377\000N\000e\000w\000\040\000E\000x\000p\000o\000r\000t\000s}{section.10}% 32
\BOOKMARK [1][-]{section.11}{\376\377\000U\000p\000g\000r\000a\000d\000e\000\040\0006\000:\000\040\000N\000o\000i\000s\000e\000\040\000F\000i\000l\000t\000e\000r\000i\000n\000g\000\040\000a\000n\000d\000\040\000S\000o\000c\000i\000a\000l\000\040\000N\000e\000t\000w\000o\000r\000k\000\040\000A\000n\000a\000l\000y\000s\000i\000s}{}% 33
\BOOKMARK [2][-]{subsection.11.1}{\376\377\000D\000B\000S\000C\000A\000N\000\040\000R\000e\000s\000o\000u\000r\000c\000e\000\040\000C\000l\000u\000s\000t\000e\000r\000i\000n\000g}{section.11}% 34
\BOOKMARK [2][-]{subsection.11.2}{\376\377\000F\000u\000s\000e\000d\000\040\000H\000a\000n\000d\000o\000v\000e\000r\000\040\000N\000e\000t\000w\000o\000r\000k}{section.11}% 35
\BOOKMARK [2][-]{subsection.11.3}{\376\377\000P\000C\000A\000\040\000T\000r\000a\000c\000e\000\040\000P\000r\000o\000j\000e\000c\000t\000i\000o\000n}{section.11}% 36
\BOOKMARK [1][-]{section.12}{\376\377\000U\000p\000g\000r\000a\000d\000e\000\040\0007\000:\000\040\000A\000u\000t\000o\000M\000L\000\040\000C\000o\000m\000p\000o\000s\000i\000t\000i\000o\000n}{}% 37
\BOOKMARK [2][-]{subsection.12.1}{\376\377\000C\000r\000o\000s\000s\000-\000M\000o\000d\000u\000l\000e\000\040\000V\000i\000s\000i\000b\000i\000l\000i\000t\000y}{section.12}% 38
\BOOKMARK [2][-]{subsection.12.2}{\376\377\000M\000a\000t\000r\000i\000x\000\040\000C\000o\000n\000s\000t\000r\000u\000c\000t\000i\000o\000n\000\040\000H\000e\000l\000p\000e\000r\000s}{section.12}% 39
\BOOKMARK [2][-]{subsection.12.3}{\376\377\000A\000u\000t\000o\000M\000L\000\040\000E\000x\000p\000o\000r\000t\000s}{section.12}% 40
\BOOKMARK [1][-]{section.13}{\376\377\000F\000i\000l\000e\000\040\000S\000u\000m\000m\000a\000r\000y}{}% 41
\BOOKMARK [1][-]{section.14}{\376\377\000V\000e\000r\000i\000f\000i\000c\000a\000t\000i\000o\000n}{}% 42
\BOOKMARK [2][-]{subsection.14.1}{\376\377\000B\000u\000i\000l\000d\000\040\000V\000a\000l\000i\000d\000a\000t\000i\000o\000n}{section.14}% 43
\BOOKMARK [2][-]{subsection.14.2}{\376\377\000O\000r\000a\000c\000l\000e\000\040\000H\000i\000e\000r\000a\000r\000c\000h\000y}{section.14}% 44
\BOOKMARK [1][-]{section.15}{\376\377\000A\000r\000c\000h\000i\000t\000e\000c\000t\000u\000r\000e\000\040\000D\000e\000c\000i\000s\000i\000o\000n\000s\000\040\000R\000e\000t\000r\000o\000s\000p\000e\000c\000t\000i\000v\000e}{}% 45
\BOOKMARK [2][-]{subsection.15.1}{\376\377\000N\000o\000\040\000N\000e\000w\000\040\000S\000t\000o\000r\000e\000d\000O\000b\000j\000e\000c\000t\000\040\000V\000a\000r\000i\000a\000n\000t\000s}{section.15}% 46
\BOOKMARK [2][-]{subsection.15.2}{\376\377\000C\000o\000l\000u\000m\000n\000a\000r\000L\000o\000g\000\040\000R\000e\000u\000s\000e\000\040\000a\000s\000\040\000E\000n\000c\000o\000d\000e\000r}{section.15}% 47
\BOOKMARK [2][-]{subsection.15.3}{\376\377\000B\000a\000n\000d\000i\000t\000S\000t\000a\000t\000e\000\040\000L\000a\000z\000y\000\040\000I\000n\000i\000t\000i\000a\000l\000i\000s\000a\000t\000i\000o\000n}{section.15}% 48
\BOOKMARK [2][-]{subsection.15.4}{\376\377\000I\000n\000l\000i\000n\000e\000d\000\040\000D\000i\000s\000t\000a\000n\000c\000e\000\040\000C\000o\000m\000p\000u\000t\000a\000t\000i\000o\000n}{section.15}% 49
\BOOKMARK [2][-]{subsection.15.5}{\376\377\000K\000a\000p\000l\000a\000n\000M\000e\000i\000e\000r\000R\000e\000s\000u\000l\000t\000\040\000M\000a\000n\000u\000a\000l\000\040\000S\000e\000r\000i\000a\000l\000i\000s\000a\000t\000i\000o\000n}{section.15}% 50
\BOOKMARK [1][-]{section.16}{\376\377\000C\000o\000n\000c\000l\000u\000s\000i\000o\000n}{}% 51
