\BOOKMARK [1][-]{section.1}{\376\377\000R\000e\000i\000n\000f\000o\000r\000c\000e\000m\000e\000n\000t\000\040\000L\000e\000a\000r\000n\000i\000n\000g}{}% 1
\BOOKMARK [2][-]{subsection.1.1}{\376\377\000R\000e\000w\000a\000r\000d\000\040\000F\000u\000n\000c\000t\000i\000o\000n}{section.1}% 2
\BOOKMARK [2][-]{subsection.1.2}{\376\377\000H\000e\000a\000l\000t\000h\000\040\000S\000t\000a\000t\000e}{section.1}% 3
\BOOKMARK [2][-]{subsection.1.3}{\376\377\000Q\000-\000L\000e\000a\000r\000n\000i\000n\000g\000\040\000\050\000O\000f\000f\000-\000P\000o\000l\000i\000c\000y\000\040\000T\000D\000\051}{section.1}% 4
\BOOKMARK [2][-]{subsection.1.4}{\376\377\000S\000A\000R\000S\000A\000\040\000\050\000O\000n\000-\000P\000o\000l\000i\000c\000y\000\040\000T\000D\000\051}{section.1}% 5
\BOOKMARK [2][-]{subsection.1.5}{\376\377\000D\000o\000u\000b\000l\000e\000\040\000Q\000-\000L\000e\000a\000r\000n\000i\000n\000g\000\040\000\050\000B\000i\000a\000s\000-\000C\000o\000r\000r\000e\000c\000t\000e\000d\000\051}{section.1}% 6
\BOOKMARK [2][-]{subsection.1.6}{\376\377\000E\000x\000p\000e\000c\000t\000e\000d\000\040\000S\000A\000R\000S\000A}{section.1}% 7
\BOOKMARK [2][-]{subsection.1.7}{\376\377\000R\000E\000I\000N\000F\000O\000R\000C\000E\000\040\000\050\000M\000o\000n\000t\000e\000\040\000C\000a\000r\000l\000o\000\040\000P\000o\000l\000i\000c\000y\000\040\000G\000r\000a\000d\000i\000e\000n\000t\000\051}{section.1}% 8
\BOOKMARK [2][-]{subsection.1.8}{\376\377\000L\000i\000n\000U\000C\000B\000\040\000C\000o\000n\000t\000e\000x\000t\000u\000a\000l\000\040\000B\000a\000n\000d\000i\000t\000\040\000\050\000S\000h\000e\000r\000m\000a\000n\040\023\000M\000o\000r\000r\000i\000s\000o\000n\000\051}{section.1}% 9
\BOOKMARK [1][-]{section.2}{\376\377\000S\000t\000a\000t\000i\000s\000t\000i\000c\000a\000l\000\040\000P\000r\000o\000c\000e\000s\000s\000\040\000C\000o\000n\000t\000r\000o\000l}{}% 10
\BOOKMARK [2][-]{subsection.2.1}{\376\377\000W\000e\000s\000t\000e\000r\000n\000\040\000E\000l\000e\000c\000t\000r\000i\000c\000\040\000R\000u\000l\000e\000s}{section.2}% 11
\BOOKMARK [2][-]{subsection.2.2}{\376\377\000P\000r\000o\000c\000e\000s\000s\000\040\000C\000a\000p\000a\000b\000i\000l\000i\000t\000y\000\040\000I\000n\000d\000i\000c\000e\000s}{section.2}% 12
\BOOKMARK [2][-]{subsection.2.3}{\376\377\000N\000o\000r\000m\000a\000l\000\040\000C\000D\000F\000\040\000\050\000A\000b\000r\000a\000m\000o\000w\000i\000t\000z\000\040\000\046\000\040\000S\000t\000e\000g\000u\000n\000\040\000A\000p\000p\000r\000o\000x\000i\000m\000a\000t\000i\000o\000n\000\051}{section.2}% 13
\BOOKMARK [2][-]{subsection.2.4}{\376\377\000E\000W\000M\000A}{section.2}% 14
\BOOKMARK [1][-]{section.3}{\376\377\000P\000r\000e\000d\000i\000c\000t\000i\000o\000n\000\040\000S\000u\000b\000s\000y\000s\000t\000e\000m}{}% 15
\BOOKMARK [2][-]{subsection.3.1}{\376\377\000N\000-\000g\000r\000a\000m\000\040\000L\000o\000g\000\040\000P\000r\000o\000b\000a\000b\000i\000l\000i\000t\000y}{section.3}% 16
\BOOKMARK [2][-]{subsection.3.2}{\376\377\000P\000r\000e\000d\000i\000c\000t\000i\000o\000n\000\040\000C\000o\000n\000f\000i\000d\000e\000n\000c\000e\000\040\000\046\000\040\000E\000n\000t\000r\000o\000p\000y}{section.3}% 17
\BOOKMARK [2][-]{subsection.3.3}{\376\377\000B\000e\000a\000m\000\040\000S\000e\000a\000r\000c\000h}{section.3}% 18
\BOOKMARK [2][-]{subsection.3.4}{\376\377\000W\000e\000i\000b\000u\000l\000l\000\040\000R\000e\000m\000a\000i\000n\000i\000n\000g\000\040\000T\000i\000m\000e}{section.3}% 19
\BOOKMARK [2][-]{subsection.3.5}{\376\377\000R\000e\000m\000a\000i\000n\000i\000n\000g\000\040\000T\000i\000m\000e\000\040\000C\000o\000n\000f\000i\000d\000e\000n\000c\000e}{section.3}% 20
\BOOKMARK [2][-]{subsection.3.6}{\376\377\000J\000a\000c\000c\000a\000r\000d\000\040\000D\000r\000i\000f\000t\000\040\000D\000i\000s\000t\000a\000n\000c\000e}{section.3}% 21
\BOOKMARK [1][-]{section.4}{\376\377\000C\000o\000n\000f\000o\000r\000m\000a\000n\000c\000e\000\040\000C\000h\000e\000c\000k\000i\000n\000g}{}% 22
\BOOKMARK [2][-]{subsection.4.1}{\376\377\000T\000o\000k\000e\000n\000-\000B\000a\000s\000e\000d\000\040\000R\000e\000p\000l\000a\000y\000\040\000F\000i\000t\000n\000e\000s\000s}{section.4}% 23
\BOOKMARK [1][-]{section.5}{\376\377\000D\000i\000s\000c\000o\000v\000e\000r\000y\000\040\000A\000l\000g\000o\000r\000i\000t\000h\000m\000s}{}% 24
\BOOKMARK [2][-]{subsection.5.1}{\376\377\000G\000e\000n\000e\000t\000i\000c\000\040\000A\000l\000g\000o\000r\000i\000t\000h\000m\000\040\040\024\000\040\000F\000i\000t\000n\000e\000s\000s\000-\000P\000r\000o\000p\000o\000r\000t\000i\000o\000n\000a\000t\000e\000\040\000S\000e\000l\000e\000c\000t\000i\000o\000n}{section.5}% 25
\BOOKMARK [2][-]{subsection.5.2}{\376\377\000A\000n\000t\000\040\000C\000o\000l\000o\000n\000y\000\040\000O\000p\000t\000i\000m\000i\000s\000a\000t\000i\000o\000n\000\040\040\024\000\040\000P\000h\000e\000r\000o\000m\000o\000n\000e\000\040\000U\000p\000d\000a\000t\000e}{section.5}% 26
\BOOKMARK [1][-]{section.6}{\376\377\000M\000a\000c\000h\000i\000n\000e\000\040\000L\000e\000a\000r\000n\000i\000n\000g}{}% 27
\BOOKMARK [2][-]{subsection.6.1}{\376\377\000O\000r\000d\000i\000n\000a\000r\000y\000\040\000L\000e\000a\000s\000t\000\040\000S\000q\000u\000a\000r\000e\000s\000\040\000L\000i\000n\000e\000a\000r\000\040\000R\000e\000g\000r\000e\000s\000s\000i\000o\000n}{section.6}% 28
\BOOKMARK [2][-]{subsection.6.2}{\376\377\000P\000C\000A\000\040\040\024\000\040\0002\0002\000\040\000A\000n\000a\000l\000y\000t\000i\000c\000a\000l\000\040\000E\000i\000g\000e\000n\000d\000e\000c\000o\000m\000p\000o\000s\000i\000t\000i\000o\000n}{section.6}% 29
\BOOKMARK [1][-]{section.7}{\376\377\000H\000e\000u\000r\000i\000s\000t\000i\000c\000\040\000M\000i\000n\000e\000r\000\040\000D\000e\000p\000e\000n\000d\000e\000n\000c\000y\000\040\000M\000e\000a\000s\000u\000r\000e}{}% 30
\BOOKMARK [1][-]{section.8}{\376\377\000R\000e\000s\000o\000u\000r\000c\000e\000\040\000P\000r\000e\000d\000i\000c\000t\000i\000o\000n\000:\000\040\000M\000/\000M\000/\0001\000\040\000Q\000u\000e\000u\000e\000\040\000a\000n\000d\000\040\000U\000C\000B\0001\000\040\000B\000a\000n\000d\000i\000t}{}% 31
\BOOKMARK [2][-]{subsection.8.1}{\376\377\000M\000/\000M\000/\0001\000\040\000Q\000u\000e\000u\000e\000\040\000W\000a\000i\000t\000i\000n\000g\000\040\000T\000i\000m\000e}{section.8}% 32
\BOOKMARK [2][-]{subsection.8.2}{\376\377\000U\000C\000B\0001\000\040\000A\000r\000m\000\040\000S\000e\000l\000e\000c\000t\000i\000o\000n}{section.8}% 33
\BOOKMARK [2][-]{subsection.8.3}{\376\377\000I\000n\000t\000e\000r\000v\000e\000n\000t\000i\000o\000n\000\040\000R\000a\000n\000k\000i\000n\000g\000\040\000S\000c\000o\000r\000e}{section.8}% 34
\BOOKMARK [1][-]{section.9}{\376\377\000A\000u\000t\000o\000M\000L\000\040\000C\000o\000n\000f\000i\000g\000u\000r\000a\000t\000i\000o\000n\000\040\000S\000e\000l\000e\000c\000t\000i\000o\000n}{}% 35
\BOOKMARK [2][-]{subsection.9.1}{\376\377\000H\000a\000r\000d\000c\000o\000d\000e\000d\000\040\000R\000u\000l\000e\000-\000B\000a\000s\000e\000d\000\040\000P\000r\000e\000s\000e\000t\000\040\000S\000e\000l\000e\000c\000t\000i\000o\000n\000\040\000\050\000s\000u\000g\000g\000e\000s\000t\000P\000r\000e\000s\000e\000t\000\051}{section.9}% 36
\BOOKMARK [2][-]{subsection.9.2}{\376\377\000B\000e\000n\000c\000h\000m\000a\000r\000k\000-\000D\000r\000i\000v\000e\000n\000\040\000S\000c\000o\000r\000i\000n\000g\000\040\000\050\000s\000u\000g\000g\000e\000s\000t\000P\000r\000e\000s\000e\000t\000F\000r\000o\000m\000B\000e\000n\000c\000h\000m\000a\000r\000k\000s\000\051}{section.9}% 37
\BOOKMARK [2][-]{subsection.9.3}{\376\377\000O\000p\000t\000i\000m\000a\000l\000\040\000C\000o\000n\000f\000i\000g\000\040\000G\000e\000n\000e\000r\000a\000t\000i\000o\000n\000\040\000\050\000g\000e\000n\000e\000r\000a\000t\000e\000O\000p\000t\000i\000m\000a\000l\000C\000o\000n\000f\000i\000g\000\051}{section.9}% 38
\BOOKMARK [1][-]{section.10}{\376\377\000S\000u\000m\000m\000a\000r\000y\000\040\000o\000f\000\040\000C\000o\000n\000s\000t\000a\000n\000t\000s}{}% 39
